docs/index.html
医院项目档案库/_new.txt
医院项目档案库/build_archive.py
医院项目档案库/links.txt
医院项目档案库/make_gallery.py
医院项目档案库/projects.json
医院项目档案库/档案库.csv
医院项目档案库/档案库.html
.sync/push_batch.py
医院项目档案库/_build2.log
医院项目档案库/_dedupe2.log
医院项目档案库/_fetch2.log
医院项目档案库/images/100_江苏省苏北人民医院/
医院项目档案库/images/101_北京电力医院/
医院项目档案库/images/102_浙江大学医学院附属第一医院总部一期/
医院项目档案库/images/103_浙江大学医学院附属妇产科医院湖滨院区/
医院项目档案库/images/104_赣州市妇幼保健院•赣州市儿童医院/
医院项目档案库/images/107_国家区域医疗中心•南方医院赣州医院/
医院项目档案库/images/108_国家区域医疗中心•赣州市人民医院梅关院区/
医院项目档案库/images/109_呼伦贝尔市蒙医医院总院/
医院项目档案库/images/110_德格县人民医院•德格县医共体总院/
医院项目档案库/images/111_天津市胸科医院和平院区/
医院项目档案库/images/112_杭州市儿童医院/
医院项目档案库/images/113_武汉大学人民医院•湖北省人民医院/
医院项目档案库/images/114_贵州退休医师医院/
医院项目档案库/images/115_贵州省人民医院/
医院项目档案库/images/116_南康区第一人民医院/
医院项目档案库/images/117_徐州市肿瘤医院（徐州市第三人民医院）/
医院项目档案库/images/118_大连医科大学附属第一医院长春路院区/
医院项目档案库/images/119_吉林大学口腔医院/
医院项目档案库/images/120_吉林大学中日联谊医院新民院区/
医院项目档案库/images/121_扬州大学附属医院/
医院项目档案库/images/123_福建医科大学附属协和医院/
医院项目档案库/images/124_杭州市第一人民医院/
医院项目档案库/images/125_杭州市临安区第三人民医院/
医院项目档案库/images/126_杭州市余杭区第三人民医院/
医院项目档案库/images/127_重庆医科大学附属第二医院/
医院项目档案库/images/128_重庆医科大学附属儿童医院/
医院项目档案库/images/129_宁波市第七医院•镇海区人民医院/
医院项目档案库/images/130_嘉善县第一人民医院•浙医二院嘉善分院/
医院项目档案库/images/131_烟台毓璜顶医院/
医院项目档案库/images/132_山东大学齐鲁医院/
医院项目档案库/images/133_山东大学附属儿童医院•济南市儿童医院/
医院项目档案库/images/134_苏州大学附属第一医院平江院区/
医院项目档案库/images/135_苏州大学附属第一医院总院/
医院项目档案库/images/136_四川省骨科医院/
医院项目档案库/images/137_四川省医学科学院•四川省人民医院/
医院项目档案库/images/13_国家区域医疗中心•北大人民医院青岛医院/019.png
医院项目档案库/images/13_国家区域医疗中心•北大人民医院青岛医院/020.png
医院项目档案库/images/13_国家区域医疗中心•北大人民医院青岛医院/021.jpg
医院项目档案库/images/13_国家区域医疗中心•北大人民医院青岛医院/022.jpg
医院项目档案库/images/13_国家区域医疗中心•北大人民医院青岛医院/023.jpg
医院项目档案库/images/13_国家区域医疗中心•北大人民医院青岛医院/024.jpg
医院项目档案库/images/13_国家区域医疗中心•北大人民医院青岛医院/025.jpg
医院项目档案库/images/13_国家区域医疗中心•北大人民医院青岛医院/026.jpg
医院项目档案库/images/13_国家区域医疗中心•北大人民医院青岛医院/027.jpg
医院项目档案库/images/13_国家区域医疗中心•北大人民医院青岛医院/029.jpg
医院项目档案库/images/53_江西省修水县第一人民医院（良塘南院）/
医院项目档案库/images/54_国家区域医疗中心•武汉同济医院襄阳医院/
医院项目档案库/images/55_国家区域医疗中心•中南湘雅二医院桂林医院/
医院项目档案库/images/56_国家区域医疗中心•武汉协和医院宜昌医院/
医院项目档案库/images/57_国家区域医疗中心•西安交大二附院洛阳医院/
医院项目档案库/images/58_西安市红会医院•西安市骨科研究所北院区/
医院项目档案库/images/59_西安启迪儿童医院•西安市儿童医院高新院区/
医院项目档案库/images/60_国家儿童区域医疗中心•陕西省儿童医学中心/
医院项目档案库/images/61_佛山市顺德区妇幼保健院（新院区）/
医院项目档案库/images/63_海南现代妇女儿童医院（秀英院区）/
医院项目档案库/images/64_汕头市公共卫生医学中心•汕头市人民医院/
医院项目档案库/images/65_省级区域医疗中心汕头市中心医院东海岸院区/
医院项目档案库/images/66_省级区域医疗中心•淄博市中心医院西院区/
医院项目档案库/images/67_四川大学华西医院（锦江院区）/
医院项目档案库/images/68_重庆大学附属中心医院（科学城院区）/
医院项目档案库/images/69_国家儿童区域医疗中心广州妇儿中心南沙院区/
医院项目档案库/images/70_中山大学附属第一医院（南沙院区）/
医院项目档案库/images/71_桂林医科大学第一附属医院（漓东院区）/
医院项目档案库/images/72_江西省瑞金市妇幼保健院（新院区）/
医院项目档案库/images/73_国家区域医疗中心•江西省妇女儿童医学中心/
医院项目档案库/images/74_国家区域医疗中心•广医附一医院娄底医院/
医院项目档案库/images/75_国家区域医疗中心•中山大学附一院贵州医院/
医院项目档案库/images/76_江西省瑞金市人民医院新院区/
医院项目档案库/images/77_国家区域医疗中心•北京积水潭医院贵州医院/
医院项目档案库/images/78_蚌埠医科大学第一附属医院新院区/
医院项目档案库/images/79_安徽医科大学第一附属医院（南区）/
医院项目档案库/images/80_温州医科大学附属第一医院（南白象院区）/
医院项目档案库/images/81_九江学院附属口腔医院•九江市口腔医院/
医院项目档案库/images/82_九江学院第二附属医院/
医院项目档案库/images/83_浙江大学医学院附属邵逸夫医院绍兴院区/
医院项目档案库/images/84_福建医科大学孟超肝胆医院（金山院区）/
医院项目档案库/images/85_兴国县人民医院（新院区）/
医院项目档案库/images/86_浙江大学医学院附属第二医院萧山总部/
医院项目档案库/images/87_江西省于都县人民医院新院区/
医院项目档案库/images/88_吉安市中心人民医院（南北院区）/
医院项目档案库/images/89_上饶市中心医院•上饶市眼科医院（新院区）/
医院项目档案库/images/90_江西省级区域医疗中心（四）/
医院项目档案库/images/91_江西省级区域医疗中心（三）/
医院项目档案库/images/92_江西省级区域医疗中心（二）/
医院项目档案库/images/93_江西省级区域医疗中心（一）/
医院项目档案库/images/94_微信公众平台/
医院项目档案库/images/95_江西省转化医学研究院/
医院项目档案库/images/96_南昌大学附属口腔医院•江西省口腔医院/
医院项目档案库/images/97_井冈山大学附属医院•临床医学院（南院区）/
医院项目档案库/images/98_上饶市人民医院/
医院项目档案库/images/99_北京丰台右安门医院/