
检测到同医院条目 4 个,将合并到已有项目
[1] 国家区域医疗中心•广州市妇儿中心柳州医院 | 图片 13 张
    新增 0 张 -> 01_国家区域医疗中心•广州市妇儿中心柳州医院
[2] 国家区域医疗中心•浙医二院嘉兴医院 | 图片 27 张
    新增 0 张 -> 02_国家区域医疗中心•浙医二院嘉兴医院
[3] 国家区域医疗中心•浙大一院台州医院 | 图片 11 张
    新增 0 张 -> 03_国家区域医疗中心•浙大一院台州医院
[4] 国家区域医疗中心•浙江省人民医院毕节医院 | 图片 24 张
    新增 0 张 -> 04_国家区域医疗中心•浙江省人民医院毕节医院
[5] 国家区域医疗中心•浙江省人民医院绍兴医院 | 图片 17 张
    新增 0 张 -> 05_国家区域医疗中心•浙江省人民医院绍兴医院
[6] 国家区域医疗中心•北京地坛医院徐州医院 | 图片 21 张
    新增 0 张 -> 06_国家区域医疗中心•北京地坛医院徐州医院
[7] 国家区域医疗中心•浙大妇院吉林医院 | 图片 15 张
    新增 0 张 -> 07_国家区域医疗中心•浙大妇院吉林医院
[8] 国家区域医疗中心•吉大第一医院梅河医院 | 图片 13 张
    新增 0 张 -> 08_国家区域医疗中心•吉大第一医院梅河医院
[9] 国家区域医疗中心•中日友好医院黑龙江医院 | 图片 15 张
    新增 0 张 -> 09_国家区域医疗中心•中日友好医院黑龙江医院
[10] 国家区域医疗中心•医科院肿瘤医院辽宁医院 | 图片 17 张
    新增 0 张 -> 10_国家区域医疗中心•医科院肿瘤医院辽宁医院
[11] 国家区域医疗中心•北大肿瘤医院内蒙古医院 | 图片 13 张
    新增 0 张 -> 11_国家区域医疗中心•北大肿瘤医院内蒙古医院
[12] 国家区域医疗中心•北京友谊医院内蒙古医院 | 图片 7 张
    新增 0 张 -> 12_国家区域医疗中心•北京友谊医院内蒙古医院
[13] 国家区域医疗中心•北大人民医院青岛医院 | 图片 28 张
    新增 0 张 -> 13_国家区域医疗中心•北大人民医院青岛医院
[14] 国家区域医疗中心•医科院肿瘤医院山西医院 | 图片 15 张
    新增 0 张 -> 14_国家区域医疗中心•医科院肿瘤医院山西医院
[15] 国家区域医疗中心•医科院阜外医院云南医院 | 图片 25 张
    新增 0 张 -> 15_国家区域医疗中心•医科院阜外医院云南医院
[16] 国家区域医疗中心•中日友好医院云南医院 | 图片 22 张
    新增 0 张 -> 16_国家区域医疗中心•中日友好医院云南医院
[17] 国家区域医疗中心•北大肿瘤医院云南医院 | 图片 22 张
    新增 0 张 -> 17_国家区域医疗中心•北大肿瘤医院云南医院
[18] 国家区域医疗中心•山大齐鲁医院遵义医院 | 图片 22 张
    新增 0 张 -> 18_国家区域医疗中心•山大齐鲁医院遵义医院
[19] 国家区域医疗中心•北京儿童医院保定医院 | 图片 21 张
    新增 0 张 -> 19_国家区域医疗中心•北京儿童医院保定医院
[20] 国家区域医疗中心上海儿童医学中心海南医院 | 图片 24 张
    新增 0 张 -> 20_国家区域医疗中心上海儿童医学中心海南医院
[21] 国家区域医疗中心上海儿童医学中心福建医院 | 图片 31 张
    新增 0 张 -> 21_国家区域医疗中心上海儿童医学中心福建医院
[22] 国家区域医疗中心上海儿童医学中心贵州医院 | 图片 28 张
    新增 0 张 -> 22_国家区域医疗中心上海儿童医学中心贵州医院
[23] 国家区域医疗中心上海儿童医学中心临沂医院 | 图片 24 张
    新增 0 张 -> 23_国家区域医疗中心上海儿童医学中心临沂医院
[24] 国家区域医疗中心•山大齐鲁医院德州医院 | 图片 25 张
    新增 0 张 -> 24_国家区域医疗中心•山大齐鲁医院德州医院
[25] 国家区域医疗中心•首医大宣武医院济南医院 | 图片 31 张
    新增 0 张 -> 25_国家区域医疗中心•首医大宣武医院济南医院
[26] 国家区域医疗中心•北京积水潭医院郑州医院 | 图片 21 张
    新增 0 张 -> 26_国家区域医疗中心•北京积水潭医院郑州医院
[27] 国家区域医疗中心浙大邵逸夫医院阿拉尔医院 | 图片 25 张
    新增 0 张 -> 27_国家区域医疗中心浙大邵逸夫医院阿拉尔医院
[28] 国家区域医疗中心•孙逸仙纪念医院深汕院区 | 图片 26 张
    新增 0 张 -> 28_国家区域医疗中心•孙逸仙纪念医院深汕院区
[29] 国家区域医疗中心•北京安贞医院南充医院 | 图片 26 张
    新增 0 张 -> 29_国家区域医疗中心•北京安贞医院南充医院
[30] 国家区域医疗中心•西安交大二附院新疆医院 | 图片 15 张
    新增 0 张 -> 30_国家区域医疗中心•西安交大二附院新疆医院
[31] 国家区域医疗中心•北京儿童医院新疆医院 | 图片 11 张
    新增 0 张 -> 31_国家区域医疗中心•北京儿童医院新疆医院
[32] 国家区域医疗中心•北大医院宁夏妇儿医院 | 图片 25 张
    新增 0 张 -> 32_国家区域医疗中心•北大医院宁夏妇儿医院
[33] 国家区域医疗中心•西安交大一附院榆林医院 | 图片 28 张
    新增 0 张 -> 33_国家区域医疗中心•西安交大一附院榆林医院
[34] 国家区域医疗中心•武汉同济医院咸宁医院 | 图片 22 张
    新增 0 张 -> 34_国家区域医疗中心•武汉同济医院咸宁医院
[35] 国家区域医疗中心•北京积水潭医院聊城医院 | 图片 17 张
    新增 0 张 -> 35_国家区域医疗中心•北京积水潭医院聊城医院
[36] 国家区域医疗中心•山东省立医院菏泽医院 | 图片 21 张
    新增 0 张 -> 36_国家区域医疗中心•山东省立医院菏泽医院
[37] 国家区域医疗中心•重医大附儿院宜宾医院 | 图片 19 张
    新增 0 张 -> 37_国家区域医疗中心•重医大附儿院宜宾医院
[38] 国家区域医疗中心•山东省立医院泸州医院 | 图片 13 张
    新增 0 张 -> 38_国家区域医疗中心•山东省立医院泸州医院
[39] 国家区域医疗中心•武汉同济医院山西医院 | 图片 13 张
    新增 0 张 -> 39_国家区域医疗中心•武汉同济医院山西医院
[40] 国家区域医疗中心•江苏省人民医院重庆医院 | 图片 15 张
    新增 0 张 -> 40_国家区域医疗中心•江苏省人民医院重庆医院
[41] 国家区域医疗中心•武汉协和医院重庆医院 | 图片 22 张
    新增 0 张 -> 41_国家区域医疗中心•武汉协和医院重庆医院
[42] 国家区域医疗中心中大附属肿瘤医院甘肃医院 | 图片 24 张
    新增 0 张 -> 42_国家区域医疗中心中大附属肿瘤医院甘肃医院
[43] 国家区域医疗中心•西安交大一附院青海医院 | 图片 24 张
    新增 0 张 -> 43_国家区域医疗中心•西安交大一附院青海医院
[44] 抚州医药学院北校区（原抚州医学院） | 图片 31 张
    新增 0 张 -> 44_抚州医药学院北校区（原抚州医学院）
[45] 抚州市立医院（江西省肿瘤医院抚州医院） | 图片 21 张
    新增 0 张 -> 45_抚州市立医院（江西省肿瘤医院抚州医院）
[46] 中山大学附属口腔医院（南沙院区） | 图片 25 张
    新增 0 张 -> 46_中山大学附属口腔医院（南沙院区）
[47] 陕西省传染病医院•西安市公共卫生中心 | 图片 29 张
    新增 0 张 -> 47_陕西省传染病医院•西安市公共卫生中心
[48] 西安交通大学第一附属医院国际陆港院区 | 图片 22 张
    新增 0 张 -> 48_西安交通大学第一附属医院国际陆港院区
[49] 国家区域医疗中心•中山大学附属喀什医院 | 图片 17 张
    新增 0 张 -> 49_国家区域医疗中心•中山大学附属喀什医院
[50] 武汉云景山医院（平战结合医院） | 图片 31 张
    新增 0 张 -> 50_武汉云景山医院（平战结合医院）
[51] 大别山区域医疗中心•黄冈市中心医院新院区 | 图片 27 张C:\Users\18811\WorkBuddy\2026-09-30-16-56-05\医院项目档案库\build_archive.py:70: DeprecationWarning: Image.Image.getdata is deprecated and will be removed in Pillow 14 (2027-10-15). Use get_flattened_data instead.
  px = list(im.getdata())

    新增 0 张 -> 51_大别山区域医疗中心•黄冈市中心医院新院区
[52] 江西省人民医院进贤医院（进贤县人民医院） | 图片 21 张
    新增 0 张 -> 52_江西省人民医院进贤医院（进贤县人民医院）
[53] 江西省修水县第一人民医院（良塘南院） | 图片 17 张
    新增 17 张 -> 53_江西省修水县第一人民医院（良塘南院）
[54] 国家区域医疗中心•武汉同济医院襄阳医院 | 图片 19 张
    新增 19 张 -> 54_国家区域医疗中心•武汉同济医院襄阳医院
[55] 国家区域医疗中心•中南湘雅二医院桂林医院 | 图片 23 张
    新增 23 张 -> 55_国家区域医疗中心•中南湘雅二医院桂林医院
[56] 国家区域医疗中心•武汉协和医院宜昌医院 | 图片 19 张
    新增 19 张 -> 56_国家区域医疗中心•武汉协和医院宜昌医院
[57] 国家区域医疗中心•西安交大二附院洛阳医院 | 图片 19 张
    新增 19 张 -> 57_国家区域医疗中心•西安交大二附院洛阳医院
[58] 西安市红会医院•西安市骨科研究所北院区 | 图片 27 张
    新增 27 张 -> 58_西安市红会医院•西安市骨科研究所北院区
[59] 西安启迪儿童医院•西安市儿童医院高新院区 | 图片 23 张
    新增 23 张 -> 59_西安启迪儿童医院•西安市儿童医院高新院区
[60] 国家儿童区域医疗中心•陕西省儿童医学中心 | 图片 30 张
    新增 30 张 -> 60_国家儿童区域医疗中心•陕西省儿童医学中心
[61] 佛山市顺德区妇幼保健院（新院区） | 图片 26 张
    新增 26 张 -> 61_佛山市顺德区妇幼保健院（新院区）
[62] 国家区域医疗中心•北大人民医院青岛医院 → 合并进 13_国家区域医疗中心•北大人民医院青岛医院 (已有 18 张)
    新增 19 张 -> 13_国家区域医疗中心•北大人民医院青岛医院
[63] 海南现代妇女儿童医院（秀英院区） | 图片 17 张
    新增 17 张 -> 63_海南现代妇女儿童医院（秀英院区）
[64] 汕头市公共卫生医学中心•汕头市人民医院 | 图片 27 张
    新增 27 张 -> 64_汕头市公共卫生医学中心•汕头市人民医院
[65] 省级区域医疗中心汕头市中心医院东海岸院区 | 图片 22 张
    新增 22 张 -> 65_省级区域医疗中心汕头市中心医院东海岸院区
[66] 省级区域医疗中心•淄博市中心医院西院区 | 图片 23 张
    新增 23 张 -> 66_省级区域医疗中心•淄博市中心医院西院区
[67] 四川大学华西医院（锦江院区） | 图片 19 张
    新增 19 张 -> 67_四川大学华西医院（锦江院区）
[68] 重庆大学附属中心医院（科学城院区） | 图片 21 张
    新增 21 张 -> 68_重庆大学附属中心医院（科学城院区）
[69] 国家儿童区域医疗中心广州妇儿中心南沙院区 | 图片 21 张
    新增 21 张 -> 69_国家儿童区域医疗中心广州妇儿中心南沙院区
[70] 中山大学附属第一医院（南沙院区） | 图片 31 张
    新增 31 张 -> 70_中山大学附属第一医院（南沙院区）
[71] 桂林医科大学第一附属医院（漓东院区） | 图片 26 张
    新增 26 张 -> 71_桂林医科大学第一附属医院（漓东院区）
[72] 江西省瑞金市妇幼保健院（新院区） | 图片 19 张
    新增 19 张 -> 72_江西省瑞金市妇幼保健院（新院区）
[73] 国家区域医疗中心•江西省妇女儿童医学中心 | 图片 23 张
    新增 23 张 -> 73_国家区域医疗中心•江西省妇女儿童医学中心
[74] 国家区域医疗中心•广医附一医院娄底医院 | 图片 21 张
    新增 21 张 -> 74_国家区域医疗中心•广医附一医院娄底医院
[75] 国家区域医疗中心•中山大学附一院贵州医院 | 图片 15 张
    新增 15 张 -> 75_国家区域医疗中心•中山大学附一院贵州医院
[76] 江西省瑞金市人民医院新院区 | 图片 22 张
    新增 22 张 -> 76_江西省瑞金市人民医院新院区
[77] 国家区域医疗中心•北京积水潭医院贵州医院 | 图片 28 张
    新增 28 张 -> 77_国家区域医疗中心•北京积水潭医院贵州医院
[78] 蚌埠医科大学第一附属医院新院区 | 图片 31 张
    新增 31 张 -> 78_蚌埠医科大学第一附属医院新院区
[79] 安徽医科大学第一附属医院（南区） | 图片 15 张
    新增 15 张 -> 79_安徽医科大学第一附属医院（南区）
[80] 温州医科大学附属第一医院（南白象院区） | 图片 19 张
    新增 19 张 -> 80_温州医科大学附属第一医院（南白象院区）
[81] 九江学院附属口腔医院•九江市口腔医院 | 图片 19 张
    新增 19 张 -> 81_九江学院附属口腔医院•九江市口腔医院
[82] 九江学院第二附属医院 | 图片 28 张
    新增 28 张 -> 82_九江学院第二附属医院
[83] 浙江大学医学院附属邵逸夫医院绍兴院区 | 图片 31 张
    新增 31 张 -> 83_浙江大学医学院附属邵逸夫医院绍兴院区
[84] 福建医科大学孟超肝胆医院（金山院区） | 图片 31 张
    新增 31 张 -> 84_福建医科大学孟超肝胆医院（金山院区）
[85] 兴国县人民医院（新院区） | 图片 19 张
    新增 19 张 -> 85_兴国县人民医院（新院区）
[86] 浙江大学医学院附属第二医院萧山总部 | 图片 31 张
    新增 31 张 -> 86_浙江大学医学院附属第二医院萧山总部
[87] 江西省于都县人民医院新院区 | 图片 17 张
    新增 17 张 -> 87_江西省于都县人民医院新院区
[88] 吉安市中心人民医院（南北院区） | 图片 17 张
    新增 17 张 -> 88_吉安市中心人民医院（南北院区）
[89] 上饶市中心医院•上饶市眼科医院（新院区） | 图片 15 张
    新增 15 张 -> 89_上饶市中心医院•上饶市眼科医院（新院区）
[90] 江西省级区域医疗中心（四） | 图片 17 张
    新增 17 张 -> 90_江西省级区域医疗中心（四）
[91] 江西省级区域医疗中心（三） | 图片 17 张
    新增 17 张 -> 91_江西省级区域医疗中心（三）
[92] 江西省级区域医疗中心（二） | 图片 17 张
    新增 17 张 -> 92_江西省级区域医疗中心（二）
[93] 江西省级区域医疗中心（一） | 图片 19 张
    新增 19 张 -> 93_江西省级区域医疗中心（一）
[94] 微信公众平台 | 图片 13 张
    新增 13 张 -> 94_微信公众平台
[95] 江西省转化医学研究院 | 图片 28 张
    新增 28 张 -> 95_江西省转化医学研究院
[96] 南昌大学附属口腔医院•江西省口腔医院 | 图片 19 张
    新增 19 张 -> 96_南昌大学附属口腔医院•江西省口腔医院
[97] 井冈山大学附属医院•临床医学院（南院区） | 图片 17 张
    新增 17 张 -> 97_井冈山大学附属医院•临床医学院（南院区）
[98] 上饶市人民医院 | 图片 21 张
    新增 21 张 -> 98_上饶市人民医院
[99] 北京丰台右安门医院 | 图片 7 张
    新增 7 张 -> 99_北京丰台右安门医院
[100] 江苏省苏北人民医院 | 图片 13 张
    新增 13 张 -> 100_江苏省苏北人民医院
[101] 北京电力医院 | 图片 11 张
    新增 11 张 -> 101_北京电力医院
[102] 浙江大学医学院附属第一医院总部一期 | 图片 31 张
    新增 31 张 -> 102_浙江大学医学院附属第一医院总部一期
[103] 浙江大学医学院附属妇产科医院湖滨院区 | 图片 7 张
    新增 7 张 -> 103_浙江大学医学院附属妇产科医院湖滨院区
[104] 赣州市妇幼保健院•赣州市儿童医院 | 图片 31 张
    新增 31 张 -> 104_赣州市妇幼保健院•赣州市儿童医院
[105] 浙江大学医学院附属第一医院总部一期 → 合并进 102_浙江大学医学院附属第一医院总部一期 (已有 31 张)
    新增 31 张 -> 102_浙江大学医学院附属第一医院总部一期
[106] 浙江大学医学院附属第一医院总部一期 → 合并进 102_浙江大学医学院附属第一医院总部一期 (已有 62 张)
    新增 31 张 -> 102_浙江大学医学院附属第一医院总部一期
[107] 国家区域医疗中心•南方医院赣州医院 | 图片 31 张
    新增 31 张 -> 107_国家区域医疗中心•南方医院赣州医院
[108] 国家区域医疗中心•赣州市人民医院梅关院区 | 图片 31 张
    新增 31 张 -> 108_国家区域医疗中心•赣州市人民医院梅关院区
[109] 呼伦贝尔市蒙医医院总院 | 图片 15 张
    新增 15 张 -> 109_呼伦贝尔市蒙医医院总院
[110] 德格县人民医院•德格县医共体总院 | 图片 11 张
    新增 11 张 -> 110_德格县人民医院•德格县医共体总院
[111] 天津市胸科医院和平院区 | 图片 3 张
    新增 3 张 -> 111_天津市胸科医院和平院区
[112] 杭州市儿童医院 | 图片 13 张
    新增 13 张 -> 112_杭州市儿童医院
[113] 武汉大学人民医院•湖北省人民医院 | 图片 9 张
    新增 9 张 -> 113_武汉大学人民医院•湖北省人民医院
[114] 贵州退休医师医院 | 图片 5 张
    新增 5 张 -> 114_贵州退休医师医院
[115] 贵州省人民医院 | 图片 17 张
    新增 17 张 -> 115_贵州省人民医院
[116] 南康区第一人民医院 | 图片 7 张
    新增 7 张 -> 116_南康区第一人民医院
[117] 徐州市肿瘤医院（徐州市第三人民医院） | 图片 7 张
    新增 7 张 -> 117_徐州市肿瘤医院（徐州市第三人民医院）
[118] 大连医科大学附属第一医院长春路院区 | 图片 19 张
    新增 19 张 -> 118_大连医科大学附属第一医院长春路院区
[119] 吉林大学口腔医院 | 图片 9 张
    新增 9 张 -> 119_吉林大学口腔医院
[120] 吉林大学中日联谊医院新民院区 | 图片 19 张
    新增 19 张 -> 120_吉林大学中日联谊医院新民院区
[121] 扬州大学附属医院 | 图片 21 张
    新增 21 张 -> 121_扬州大学附属医院
[122] 江苏省苏北人民医院 → 合并进 100_江苏省苏北人民医院 (已有 13 张)
    新增 24 张 -> 100_江苏省苏北人民医院
[123] 福建医科大学附属协和医院 | 图片 7 张
    新增 7 张 -> 123_福建医科大学附属协和医院
[124] 杭州市第一人民医院 | 图片 11 张
    新增 11 张 -> 124_杭州市第一人民医院
[125] 杭州市临安区第三人民医院 | 图片 19 张
    新增 19 张 -> 125_杭州市临安区第三人民医院
[126] 杭州市余杭区第三人民医院 | 图片 31 张
    新增 31 张 -> 126_杭州市余杭区第三人民医院
[127] 重庆医科大学附属第二医院 | 图片 22 张
    新增 22 张 -> 127_重庆医科大学附属第二医院
[128] 重庆医科大学附属儿童医院 | 图片 21 张
    新增 21 张 -> 128_重庆医科大学附属儿童医院
[129] 宁波市第七医院•镇海区人民医院 | 图片 21 张
    新增 21 张 -> 129_宁波市第七医院•镇海区人民医院
[130] 嘉善县第一人民医院•浙医二院嘉善分院 | 图片 27 张
    新增 27 张 -> 130_嘉善县第一人民医院•浙医二院嘉善分院
[131] 烟台毓璜顶医院 | 图片 29 张
    新增 29 张 -> 131_烟台毓璜顶医院
[132] 山东大学齐鲁医院 | 图片 26 张
    新增 26 张 -> 132_山东大学齐鲁医院
[133] 山东大学附属儿童医院•济南市儿童医院 | 图片 5 张
    新增 5 张 -> 133_山东大学附属儿童医院•济南市儿童医院
[134] 苏州大学附属第一医院平江院区 | 图片 26 张
    新增 26 张 -> 134_苏州大学附属第一医院平江院区
[135] 苏州大学附属第一医院总院 | 图片 31 张
    新增 31 张 -> 135_苏州大学附属第一医院总院
[136] 四川省骨科医院 | 图片 22 张
    新增 22 张 -> 136_四川省骨科医院
[137] 四川省医学科学院•四川省人民医院 | 图片 23 张
    新增 23 张 -> 137_四川省医学科学院•四川省人民医院

元数据写入 projects.json,共 133 个项目
