C:\Users\18811\WorkBuddy\2026-09-30-16-56-05\医院项目档案库\dedupe.py:24: DeprecationWarning: Image.Image.getdata is deprecated and will be removed in Pillow 14 (2027-10-15). Use get_flattened_data instead.
  px = list(im.getdata())
  重复 -> 移入 _dupes: 100_江苏省苏北人民医院/007.jpg (≈ 001.jpg)
  重复 -> 移入 _dupes: 100_江苏省苏北人民医院/009.jpg (≈ 002.jpg)
  重复 -> 移入 _dupes: 100_江苏省苏北人民医院/010.jpg (≈ 003.jpg)
  重复 -> 移入 _dupes: 100_江苏省苏北人民医院/011.jpg (≈ 004.jpg)
  重复 -> 移入 _dupes: 100_江苏省苏北人民医院/012.jpg (≈ 005.jpg)
  重复 -> 移入 _dupes: 100_江苏省苏北人民医院/013.jpg (≈ 006.jpg)
  重复 -> 移入 _dupes: 100_江苏省苏北人民医院/027.jpg (≈ 014.jpg)
  重复 -> 移入 _dupes: 100_江苏省苏北人民医院/029.jpg (≈ 015.jpg)
  重复 -> 移入 _dupes: 100_江苏省苏北人民医院/030.jpg (≈ 016.jpg)
  重复 -> 移入 _dupes: 100_江苏省苏北人民医院/031.jpg (≈ 017.jpg)
  重复 -> 移入 _dupes: 100_江苏省苏北人民医院/032.jpg (≈ 018.jpg)
  重复 -> 移入 _dupes: 100_江苏省苏北人民医院/033.jpg (≈ 019.jpg)
  重复 -> 移入 _dupes: 100_江苏省苏北人民医院/034.jpg (≈ 020.jpg)
  重复 -> 移入 _dupes: 100_江苏省苏北人民医院/035.jpg (≈ 021.jpg)
  重复 -> 移入 _dupes: 100_江苏省苏北人民医院/036.jpg (≈ 022.jpg)
  重复 -> 移入 _dupes: 100_江苏省苏北人民医院/037.jpg (≈ 023.jpg)
  重复 -> 移入 _dupes: 101_北京电力医院/006.jpg (≈ 001.jpg)
  重复 -> 移入 _dupes: 101_北京电力医院/008.jpg (≈ 002.jpg)
  重复 -> 移入 _dupes: 101_北京电力医院/009.jpg (≈ 003.jpg)
  重复 -> 移入 _dupes: 101_北京电力医院/010.jpg (≈ 004.jpg)
  重复 -> 移入 _dupes: 101_北京电力医院/011.jpg (≈ 005.jpg)
  重复 -> 移入 _dupes: 102_浙江大学医学院附属第一医院总部一期/021.jpg (≈ 001.jpg)
  重复 -> 移入 _dupes: 102_浙江大学医学院附属第一医院总部一期/023.jpg (≈ 002.jpg)
  重复 -> 移入 _dupes: 102_浙江大学医学院附属第一医院总部一期/024.jpg (≈ 003.jpg)
  重复 -> 移入 _dupes: 102_浙江大学医学院附属第一医院总部一期/025.jpg (≈ 004.jpg)
  重复 -> 移入 _dupes: 102_浙江大学医学院附属第一医院总部一期/026.jpg (≈ 005.jpg)
  重复 -> 移入 _dupes: 102_浙江大学医学院附属第一医院总部一期/027.jpg (≈ 006.jpg)
  重复 -> 移入 _dupes: 102_浙江大学医学院附属第一医院总部一期/028.jpg (≈ 007.jpg)
  重复 -> 移入 _dupes: 102_浙江大学医学院附属第一医院总部一期/029.jpg (≈ 008.jpg)
  重复 -> 移入 _dupes: 102_浙江大学医学院附属第一医院总部一期/030.jpg (≈ 009.jpg)
  重复 -> 移入 _dupes: 102_浙江大学医学院附属第一医院总部一期/031.jpg (≈ 010.jpg)
  重复 -> 移入 _dupes: 102_浙江大学医学院附属第一医院总部一期/052.jpg (≈ 032.jpg)
  重复 -> 移入 _dupes: 102_浙江大学医学院附属第一医院总部一期/054.jpg (≈ 033.jpg)
  重复 -> 移入 _dupes: 102_浙江大学医学院附属第一医院总部一期/055.jpg (≈ 034.jpg)
  重复 -> 移入 _dupes: 102_浙江大学医学院附属第一医院总部一期/056.jpg (≈ 035.jpg)
  重复 -> 移入 _dupes: 102_浙江大学医学院附属第一医院总部一期/057.jpg (≈ 036.jpg)
  重复 -> 移入 _dupes: 102_浙江大学医学院附属第一医院总部一期/058.jpg (≈ 037.jpg)
  重复 -> 移入 _dupes: 102_浙江大学医学院附属第一医院总部一期/059.jpg (≈ 038.jpg)
  重复 -> 移入 _dupes: 102_浙江大学医学院附属第一医院总部一期/060.jpg (≈ 039.jpg)
  重复 -> 移入 _dupes: 102_浙江大学医学院附属第一医院总部一期/061.jpg (≈ 040.jpg)
  重复 -> 移入 _dupes: 102_浙江大学医学院附属第一医院总部一期/062.jpg (≈ 041.jpg)
  重复 -> 移入 _dupes: 102_浙江大学医学院附属第一医院总部一期/083.jpg (≈ 063.jpg)
  重复 -> 移入 _dupes: 102_浙江大学医学院附属第一医院总部一期/085.jpg (≈ 064.jpg)
  重复 -> 移入 _dupes: 102_浙江大学医学院附属第一医院总部一期/086.jpg (≈ 065.jpg)
  重复 -> 移入 _dupes: 102_浙江大学医学院附属第一医院总部一期/087.jpg (≈ 066.jpg)
  重复 -> 移入 _dupes: 102_浙江大学医学院附属第一医院总部一期/088.jpg (≈ 067.jpg)
  重复 -> 移入 _dupes: 102_浙江大学医学院附属第一医院总部一期/089.jpg (≈ 068.jpg)
  重复 -> 移入 _dupes: 102_浙江大学医学院附属第一医院总部一期/090.jpg (≈ 069.jpg)
  重复 -> 移入 _dupes: 102_浙江大学医学院附属第一医院总部一期/091.jpg (≈ 070.jpg)
  重复 -> 移入 _dupes: 102_浙江大学医学院附属第一医院总部一期/092.jpg (≈ 071.jpg)
  重复 -> 移入 _dupes: 102_浙江大学医学院附属第一医院总部一期/093.jpg (≈ 072.jpg)
  重复 -> 移入 _dupes: 103_浙江大学医学院附属妇产科医院湖滨院区/004.jpg (≈ 001.jpg)
  重复 -> 移入 _dupes: 103_浙江大学医学院附属妇产科医院湖滨院区/006.jpg (≈ 002.jpg)
  重复 -> 移入 _dupes: 103_浙江大学医学院附属妇产科医院湖滨院区/007.jpg (≈ 003.jpg)
  重复 -> 移入 _dupes: 104_赣州市妇幼保健院•赣州市儿童医院/021.jpg (≈ 001.jpg)
  重复 -> 移入 _dupes: 104_赣州市妇幼保健院•赣州市儿童医院/023.jpg (≈ 002.jpg)
  重复 -> 移入 _dupes: 104_赣州市妇幼保健院•赣州市儿童医院/024.jpg (≈ 003.jpg)
  重复 -> 移入 _dupes: 104_赣州市妇幼保健院•赣州市儿童医院/025.jpg (≈ 004.jpg)
  重复 -> 移入 _dupes: 104_赣州市妇幼保健院•赣州市儿童医院/026.jpg (≈ 005.jpg)
  重复 -> 移入 _dupes: 104_赣州市妇幼保健院•赣州市儿童医院/027.jpg (≈ 006.jpg)
  重复 -> 移入 _dupes: 104_赣州市妇幼保健院•赣州市儿童医院/028.jpg (≈ 007.jpg)
  重复 -> 移入 _dupes: 104_赣州市妇幼保健院•赣州市儿童医院/029.jpg (≈ 008.jpg)
  重复 -> 移入 _dupes: 104_赣州市妇幼保健院•赣州市儿童医院/030.jpg (≈ 009.jpg)
  重复 -> 移入 _dupes: 104_赣州市妇幼保健院•赣州市儿童医院/031.jpg (≈ 010.jpg)
  重复 -> 移入 _dupes: 107_国家区域医疗中心•南方医院赣州医院/021.jpg (≈ 001.jpg)
  重复 -> 移入 _dupes: 107_国家区域医疗中心•南方医院赣州医院/023.jpg (≈ 002.jpg)
  重复 -> 移入 _dupes: 107_国家区域医疗中心•南方医院赣州医院/024.jpg (≈ 003.jpg)
  重复 -> 移入 _dupes: 107_国家区域医疗中心•南方医院赣州医院/025.jpg (≈ 004.jpg)
  重复 -> 移入 _dupes: 107_国家区域医疗中心•南方医院赣州医院/026.jpg (≈ 005.jpg)
  重复 -> 移入 _dupes: 107_国家区域医疗中心•南方医院赣州医院/027.jpg (≈ 006.jpg)
  重复 -> 移入 _dupes: 107_国家区域医疗中心•南方医院赣州医院/028.jpg (≈ 007.jpg)
  重复 -> 移入 _dupes: 107_国家区域医疗中心•南方医院赣州医院/029.jpg (≈ 008.jpg)
  重复 -> 移入 _dupes: 107_国家区域医疗中心•南方医院赣州医院/030.jpg (≈ 009.jpg)
  重复 -> 移入 _dupes: 107_国家区域医疗中心•南方医院赣州医院/031.jpg (≈ 010.jpg)
  重复 -> 移入 _dupes: 108_国家区域医疗中心•赣州市人民医院梅关院区/021.jpg (≈ 001.jpg)
  重复 -> 移入 _dupes: 108_国家区域医疗中心•赣州市人民医院梅关院区/023.jpg (≈ 002.jpg)
  重复 -> 移入 _dupes: 108_国家区域医疗中心•赣州市人民医院梅关院区/024.jpg (≈ 003.jpg)
  重复 -> 移入 _dupes: 108_国家区域医疗中心•赣州市人民医院梅关院区/025.jpg (≈ 004.jpg)
  重复 -> 移入 _dupes: 108_国家区域医疗中心•赣州市人民医院梅关院区/026.jpg (≈ 005.jpg)
  重复 -> 移入 _dupes: 108_国家区域医疗中心•赣州市人民医院梅关院区/027.jpg (≈ 006.jpg)
  重复 -> 移入 _dupes: 108_国家区域医疗中心•赣州市人民医院梅关院区/028.jpg (≈ 007.jpg)
  重复 -> 移入 _dupes: 108_国家区域医疗中心•赣州市人民医院梅关院区/029.jpg (≈ 008.jpg)
  重复 -> 移入 _dupes: 108_国家区域医疗中心•赣州市人民医院梅关院区/030.jpg (≈ 009.jpg)
  重复 -> 移入 _dupes: 108_国家区域医疗中心•赣州市人民医院梅关院区/031.jpg (≈ 010.jpg)
  重复 -> 移入 _dupes: 109_呼伦贝尔市蒙医医院总院/008.jpg (≈ 001.jpg)
  重复 -> 移入 _dupes: 109_呼伦贝尔市蒙医医院总院/010.jpg (≈ 002.jpg)
  重复 -> 移入 _dupes: 109_呼伦贝尔市蒙医医院总院/011.jpg (≈ 003.jpg)
  重复 -> 移入 _dupes: 109_呼伦贝尔市蒙医医院总院/012.jpg (≈ 004.jpg)
  重复 -> 移入 _dupes: 109_呼伦贝尔市蒙医医院总院/013.jpg (≈ 005.jpg)
  重复 -> 移入 _dupes: 109_呼伦贝尔市蒙医医院总院/014.jpg (≈ 006.jpg)
  重复 -> 移入 _dupes: 109_呼伦贝尔市蒙医医院总院/015.jpg (≈ 007.jpg)
  重复 -> 移入 _dupes: 110_德格县人民医院•德格县医共体总院/006.jpg (≈ 001.jpg)
  重复 -> 移入 _dupes: 110_德格县人民医院•德格县医共体总院/008.jpg (≈ 002.jpg)
  重复 -> 移入 _dupes: 110_德格县人民医院•德格县医共体总院/009.jpg (≈ 003.jpg)
  重复 -> 移入 _dupes: 110_德格县人民医院•德格县医共体总院/010.jpg (≈ 004.jpg)
  重复 -> 移入 _dupes: 110_德格县人民医院•德格县医共体总院/011.jpg (≈ 005.jpg)
  重复 -> 移入 _dupes: 111_天津市胸科医院和平院区/002.jpg (≈ 001.jpg)
  重复 -> 移入 _dupes: 112_杭州市儿童医院/007.jpg (≈ 001.jpg)
  重复 -> 移入 _dupes: 112_杭州市儿童医院/009.jpg (≈ 002.jpg)
  重复 -> 移入 _dupes: 112_杭州市儿童医院/010.jpg (≈ 003.jpg)
  重复 -> 移入 _dupes: 112_杭州市儿童医院/011.jpg (≈ 004.jpg)
  重复 -> 移入 _dupes: 112_杭州市儿童医院/012.jpg (≈ 005.jpg)
  重复 -> 移入 _dupes: 112_杭州市儿童医院/013.jpg (≈ 006.jpg)
  重复 -> 移入 _dupes: 113_武汉大学人民医院•湖北省人民医院/005.jpg (≈ 001.jpg)
  重复 -> 移入 _dupes: 113_武汉大学人民医院•湖北省人民医院/007.jpg (≈ 002.jpg)
  重复 -> 移入 _dupes: 113_武汉大学人民医院•湖北省人民医院/008.jpg (≈ 003.jpg)
  重复 -> 移入 _dupes: 113_武汉大学人民医院•湖北省人民医院/009.jpg (≈ 004.jpg)
  重复 -> 移入 _dupes: 114_贵州退休医师医院/003.jpg (≈ 001.jpg)
  重复 -> 移入 _dupes: 114_贵州退休医师医院/005.jpg (≈ 002.jpg)
  重复 -> 移入 _dupes: 115_贵州省人民医院/009.jpg (≈ 001.jpg)
  重复 -> 移入 _dupes: 115_贵州省人民医院/011.jpg (≈ 002.jpg)
  重复 -> 移入 _dupes: 115_贵州省人民医院/012.jpg (≈ 003.jpg)
  重复 -> 移入 _dupes: 115_贵州省人民医院/013.jpg (≈ 004.jpg)
  重复 -> 移入 _dupes: 115_贵州省人民医院/014.jpg (≈ 005.jpg)
  重复 -> 移入 _dupes: 115_贵州省人民医院/015.jpg (≈ 006.jpg)
  重复 -> 移入 _dupes: 115_贵州省人民医院/016.jpg (≈ 007.jpg)
  重复 -> 移入 _dupes: 115_贵州省人民医院/017.jpg (≈ 008.jpg)
  重复 -> 移入 _dupes: 116_南康区第一人民医院/004.jpg (≈ 001.jpg)
  重复 -> 移入 _dupes: 116_南康区第一人民医院/006.jpg (≈ 002.jpg)
  重复 -> 移入 _dupes: 116_南康区第一人民医院/007.jpg (≈ 003.jpg)
  重复 -> 移入 _dupes: 117_徐州市肿瘤医院（徐州市第三人民医院）/004.jpg (≈ 001.jpg)
  重复 -> 移入 _dupes: 117_徐州市肿瘤医院（徐州市第三人民医院）/006.jpg (≈ 002.jpg)
  重复 -> 移入 _dupes: 117_徐州市肿瘤医院（徐州市第三人民医院）/007.jpg (≈ 003.jpg)
  重复 -> 移入 _dupes: 118_大连医科大学附属第一医院长春路院区/010.jpg (≈ 001.jpg)
  重复 -> 移入 _dupes: 118_大连医科大学附属第一医院长春路院区/012.jpg (≈ 002.jpg)
  重复 -> 移入 _dupes: 118_大连医科大学附属第一医院长春路院区/013.jpg (≈ 003.jpg)
  重复 -> 移入 _dupes: 118_大连医科大学附属第一医院长春路院区/014.jpg (≈ 004.jpg)
  重复 -> 移入 _dupes: 118_大连医科大学附属第一医院长春路院区/015.jpg (≈ 005.jpg)
  重复 -> 移入 _dupes: 118_大连医科大学附属第一医院长春路院区/016.jpg (≈ 006.jpg)
  重复 -> 移入 _dupes: 118_大连医科大学附属第一医院长春路院区/017.jpg (≈ 007.jpg)
  重复 -> 移入 _dupes: 118_大连医科大学附属第一医院长春路院区/018.jpg (≈ 008.jpg)
  重复 -> 移入 _dupes: 118_大连医科大学附属第一医院长春路院区/019.jpg (≈ 009.jpg)
  重复 -> 移入 _dupes: 119_吉林大学口腔医院/005.jpg (≈ 001.jpg)
  重复 -> 移入 _dupes: 119_吉林大学口腔医院/007.jpg (≈ 002.jpg)
  重复 -> 移入 _dupes: 119_吉林大学口腔医院/008.jpg (≈ 003.jpg)
  重复 -> 移入 _dupes: 119_吉林大学口腔医院/009.jpg (≈ 004.jpg)
  重复 -> 移入 _dupes: 120_吉林大学中日联谊医院新民院区/010.jpg (≈ 001.jpg)
  重复 -> 移入 _dupes: 120_吉林大学中日联谊医院新民院区/012.jpg (≈ 002.jpg)
  重复 -> 移入 _dupes: 120_吉林大学中日联谊医院新民院区/013.jpg (≈ 003.jpg)
  重复 -> 移入 _dupes: 120_吉林大学中日联谊医院新民院区/014.jpg (≈ 004.jpg)
  重复 -> 移入 _dupes: 120_吉林大学中日联谊医院新民院区/015.jpg (≈ 005.jpg)
  重复 -> 移入 _dupes: 120_吉林大学中日联谊医院新民院区/016.jpg (≈ 006.jpg)
  重复 -> 移入 _dupes: 120_吉林大学中日联谊医院新民院区/017.jpg (≈ 007.jpg)
  重复 -> 移入 _dupes: 120_吉林大学中日联谊医院新民院区/018.jpg (≈ 008.jpg)
  重复 -> 移入 _dupes: 120_吉林大学中日联谊医院新民院区/019.jpg (≈ 009.jpg)
  重复 -> 移入 _dupes: 121_扬州大学附属医院/011.jpg (≈ 001.jpg)
  重复 -> 移入 _dupes: 121_扬州大学附属医院/013.jpg (≈ 002.jpg)
  重复 -> 移入 _dupes: 121_扬州大学附属医院/014.jpg (≈ 003.jpg)
  重复 -> 移入 _dupes: 121_扬州大学附属医院/015.jpg (≈ 004.jpg)
  重复 -> 移入 _dupes: 121_扬州大学附属医院/016.jpg (≈ 005.jpg)
  重复 -> 移入 _dupes: 121_扬州大学附属医院/017.jpg (≈ 006.jpg)
  重复 -> 移入 _dupes: 121_扬州大学附属医院/018.jpg (≈ 007.jpg)
  重复 -> 移入 _dupes: 121_扬州大学附属医院/019.jpg (≈ 008.jpg)
  重复 -> 移入 _dupes: 121_扬州大学附属医院/020.jpg (≈ 009.jpg)
  重复 -> 移入 _dupes: 121_扬州大学附属医院/021.jpg (≈ 010.jpg)
  重复 -> 移入 _dupes: 123_福建医科大学附属协和医院/004.jpg (≈ 001.jpg)
  重复 -> 移入 _dupes: 123_福建医科大学附属协和医院/006.jpg (≈ 002.jpg)
  重复 -> 移入 _dupes: 123_福建医科大学附属协和医院/007.jpg (≈ 003.jpg)
  重复 -> 移入 _dupes: 124_杭州市第一人民医院/006.jpg (≈ 001.jpg)
  重复 -> 移入 _dupes: 124_杭州市第一人民医院/008.jpg (≈ 002.jpg)
  重复 -> 移入 _dupes: 124_杭州市第一人民医院/009.jpg (≈ 003.jpg)
  重复 -> 移入 _dupes: 124_杭州市第一人民医院/010.jpg (≈ 004.jpg)
  重复 -> 移入 _dupes: 124_杭州市第一人民医院/011.jpg (≈ 005.jpg)
  重复 -> 移入 _dupes: 125_杭州市临安区第三人民医院/010.jpg (≈ 001.jpg)
  重复 -> 移入 _dupes: 125_杭州市临安区第三人民医院/012.jpg (≈ 002.jpg)
  重复 -> 移入 _dupes: 125_杭州市临安区第三人民医院/013.jpg (≈ 003.jpg)
  重复 -> 移入 _dupes: 125_杭州市临安区第三人民医院/014.jpg (≈ 004.jpg)
  重复 -> 移入 _dupes: 125_杭州市临安区第三人民医院/015.jpg (≈ 005.jpg)
  重复 -> 移入 _dupes: 125_杭州市临安区第三人民医院/016.jpg (≈ 006.jpg)
  重复 -> 移入 _dupes: 125_杭州市临安区第三人民医院/017.jpg (≈ 007.jpg)
  重复 -> 移入 _dupes: 125_杭州市临安区第三人民医院/018.jpg (≈ 008.jpg)
  重复 -> 移入 _dupes: 125_杭州市临安区第三人民医院/019.jpg (≈ 009.jpg)
  重复 -> 移入 _dupes: 126_杭州市余杭区第三人民医院/021.jpg (≈ 001.jpg)
  重复 -> 移入 _dupes: 126_杭州市余杭区第三人民医院/023.jpg (≈ 002.jpg)
  重复 -> 移入 _dupes: 126_杭州市余杭区第三人民医院/024.jpg (≈ 003.jpg)
  重复 -> 移入 _dupes: 126_杭州市余杭区第三人民医院/025.jpg (≈ 004.jpg)
  重复 -> 移入 _dupes: 126_杭州市余杭区第三人民医院/026.jpg (≈ 005.jpg)
  重复 -> 移入 _dupes: 126_杭州市余杭区第三人民医院/027.jpg (≈ 006.jpg)
  重复 -> 移入 _dupes: 126_杭州市余杭区第三人民医院/028.jpg (≈ 007.jpg)
  重复 -> 移入 _dupes: 126_杭州市余杭区第三人民医院/029.jpg (≈ 008.jpg)
  重复 -> 移入 _dupes: 126_杭州市余杭区第三人民医院/030.jpg (≈ 009.jpg)
  重复 -> 移入 _dupes: 126_杭州市余杭区第三人民医院/031.jpg (≈ 010.jpg)
  重复 -> 移入 _dupes: 127_重庆医科大学附属第二医院/012.jpg (≈ 001.jpg)
  重复 -> 移入 _dupes: 127_重庆医科大学附属第二医院/014.jpg (≈ 002.jpg)
  重复 -> 移入 _dupes: 127_重庆医科大学附属第二医院/015.jpg (≈ 003.jpg)
  重复 -> 移入 _dupes: 127_重庆医科大学附属第二医院/016.jpg (≈ 004.jpg)
  重复 -> 移入 _dupes: 127_重庆医科大学附属第二医院/017.jpg (≈ 005.jpg)
  重复 -> 移入 _dupes: 127_重庆医科大学附属第二医院/018.jpg (≈ 006.jpg)
  重复 -> 移入 _dupes: 127_重庆医科大学附属第二医院/019.jpg (≈ 007.jpg)
  重复 -> 移入 _dupes: 127_重庆医科大学附属第二医院/020.jpg (≈ 008.jpg)
  重复 -> 移入 _dupes: 127_重庆医科大学附属第二医院/021.jpg (≈ 009.jpg)
  重复 -> 移入 _dupes: 127_重庆医科大学附属第二医院/022.jpg (≈ 010.jpg)
  重复 -> 移入 _dupes: 128_重庆医科大学附属儿童医院/011.jpg (≈ 001.jpg)
  重复 -> 移入 _dupes: 128_重庆医科大学附属儿童医院/013.jpg (≈ 002.jpg)
  重复 -> 移入 _dupes: 128_重庆医科大学附属儿童医院/014.jpg (≈ 003.jpg)
  重复 -> 移入 _dupes: 128_重庆医科大学附属儿童医院/015.jpg (≈ 004.jpg)
  重复 -> 移入 _dupes: 128_重庆医科大学附属儿童医院/016.jpg (≈ 005.jpg)
  重复 -> 移入 _dupes: 128_重庆医科大学附属儿童医院/017.jpg (≈ 006.jpg)
  重复 -> 移入 _dupes: 128_重庆医科大学附属儿童医院/018.jpg (≈ 007.jpg)
  重复 -> 移入 _dupes: 128_重庆医科大学附属儿童医院/019.jpg (≈ 008.jpg)
  重复 -> 移入 _dupes: 128_重庆医科大学附属儿童医院/020.jpg (≈ 009.jpg)
  重复 -> 移入 _dupes: 128_重庆医科大学附属儿童医院/021.jpg (≈ 010.jpg)
  重复 -> 移入 _dupes: 129_宁波市第七医院•镇海区人民医院/011.jpg (≈ 001.jpg)
  重复 -> 移入 _dupes: 129_宁波市第七医院•镇海区人民医院/013.jpg (≈ 002.jpg)
  重复 -> 移入 _dupes: 129_宁波市第七医院•镇海区人民医院/014.jpg (≈ 003.jpg)
  重复 -> 移入 _dupes: 129_宁波市第七医院•镇海区人民医院/015.jpg (≈ 004.jpg)
  重复 -> 移入 _dupes: 129_宁波市第七医院•镇海区人民医院/016.jpg (≈ 005.jpg)
  重复 -> 移入 _dupes: 129_宁波市第七医院•镇海区人民医院/017.jpg (≈ 006.jpg)
  重复 -> 移入 _dupes: 129_宁波市第七医院•镇海区人民医院/018.jpg (≈ 007.jpg)
  重复 -> 移入 _dupes: 129_宁波市第七医院•镇海区人民医院/019.jpg (≈ 008.jpg)
  重复 -> 移入 _dupes: 129_宁波市第七医院•镇海区人民医院/020.jpg (≈ 009.jpg)
  重复 -> 移入 _dupes: 129_宁波市第七医院•镇海区人民医院/021.jpg (≈ 010.jpg)
  重复 -> 移入 _dupes: 130_嘉善县第一人民医院•浙医二院嘉善分院/017.jpg (≈ 001.jpg)
  重复 -> 移入 _dupes: 130_嘉善县第一人民医院•浙医二院嘉善分院/019.jpg (≈ 002.jpg)
  重复 -> 移入 _dupes: 130_嘉善县第一人民医院•浙医二院嘉善分院/020.jpg (≈ 003.jpg)
  重复 -> 移入 _dupes: 130_嘉善县第一人民医院•浙医二院嘉善分院/021.jpg (≈ 004.jpg)
  重复 -> 移入 _dupes: 130_嘉善县第一人民医院•浙医二院嘉善分院/022.jpg (≈ 005.jpg)
  重复 -> 移入 _dupes: 130_嘉善县第一人民医院•浙医二院嘉善分院/023.jpg (≈ 006.jpg)
  重复 -> 移入 _dupes: 130_嘉善县第一人民医院•浙医二院嘉善分院/024.jpg (≈ 007.jpg)
  重复 -> 移入 _dupes: 130_嘉善县第一人民医院•浙医二院嘉善分院/025.jpg (≈ 008.jpg)
  重复 -> 移入 _dupes: 130_嘉善县第一人民医院•浙医二院嘉善分院/026.jpg (≈ 009.jpg)
  重复 -> 移入 _dupes: 130_嘉善县第一人民医院•浙医二院嘉善分院/027.jpg (≈ 010.jpg)
  重复 -> 移入 _dupes: 131_烟台毓璜顶医院/017.jpg (≈ 016.jpg)
  重复 -> 移入 _dupes: 131_烟台毓璜顶医院/019.jpg (≈ 001.jpg)
  重复 -> 移入 _dupes: 131_烟台毓璜顶医院/021.jpg (≈ 002.jpg)
  重复 -> 移入 _dupes: 131_烟台毓璜顶医院/022.jpg (≈ 003.jpg)
  重复 -> 移入 _dupes: 131_烟台毓璜顶医院/023.jpg (≈ 004.jpg)
  重复 -> 移入 _dupes: 131_烟台毓璜顶医院/024.jpg (≈ 005.jpg)
  重复 -> 移入 _dupes: 131_烟台毓璜顶医院/025.jpg (≈ 006.jpg)
  重复 -> 移入 _dupes: 131_烟台毓璜顶医院/026.jpg (≈ 007.jpg)
  重复 -> 移入 _dupes: 131_烟台毓璜顶医院/027.jpg (≈ 008.jpg)
  重复 -> 移入 _dupes: 131_烟台毓璜顶医院/028.jpg (≈ 009.jpg)
  重复 -> 移入 _dupes: 131_烟台毓璜顶医院/029.jpg (≈ 010.jpg)
  重复 -> 移入 _dupes: 132_山东大学齐鲁医院/016.jpg (≈ 001.jpg)
  重复 -> 移入 _dupes: 132_山东大学齐鲁医院/018.jpg (≈ 002.jpg)
  重复 -> 移入 _dupes: 132_山东大学齐鲁医院/019.jpg (≈ 003.jpg)
  重复 -> 移入 _dupes: 132_山东大学齐鲁医院/020.jpg (≈ 004.jpg)
  重复 -> 移入 _dupes: 132_山东大学齐鲁医院/021.jpg (≈ 005.jpg)
  重复 -> 移入 _dupes: 132_山东大学齐鲁医院/022.jpg (≈ 006.jpg)
  重复 -> 移入 _dupes: 132_山东大学齐鲁医院/023.jpg (≈ 007.jpg)
  重复 -> 移入 _dupes: 132_山东大学齐鲁医院/024.jpg (≈ 008.jpg)
  重复 -> 移入 _dupes: 132_山东大学齐鲁医院/025.jpg (≈ 009.jpg)
  重复 -> 移入 _dupes: 132_山东大学齐鲁医院/026.jpg (≈ 010.jpg)
  重复 -> 移入 _dupes: 133_山东大学附属儿童医院•济南市儿童医院/003.jpg (≈ 001.jpg)
  重复 -> 移入 _dupes: 133_山东大学附属儿童医院•济南市儿童医院/005.jpg (≈ 002.jpg)
  重复 -> 移入 _dupes: 134_苏州大学附属第一医院平江院区/016.jpg (≈ 001.jpg)
  重复 -> 移入 _dupes: 134_苏州大学附属第一医院平江院区/018.jpg (≈ 002.jpg)
  重复 -> 移入 _dupes: 134_苏州大学附属第一医院平江院区/019.jpg (≈ 003.jpg)
  重复 -> 移入 _dupes: 134_苏州大学附属第一医院平江院区/020.jpg (≈ 004.jpg)
  重复 -> 移入 _dupes: 134_苏州大学附属第一医院平江院区/021.jpg (≈ 005.jpg)
  重复 -> 移入 _dupes: 134_苏州大学附属第一医院平江院区/022.jpg (≈ 006.jpg)
  重复 -> 移入 _dupes: 134_苏州大学附属第一医院平江院区/023.jpg (≈ 007.jpg)
  重复 -> 移入 _dupes: 134_苏州大学附属第一医院平江院区/024.jpg (≈ 008.jpg)
  重复 -> 移入 _dupes: 134_苏州大学附属第一医院平江院区/025.jpg (≈ 009.jpg)
  重复 -> 移入 _dupes: 134_苏州大学附属第一医院平江院区/026.jpg (≈ 010.jpg)
  重复 -> 移入 _dupes: 135_苏州大学附属第一医院总院/021.jpg (≈ 001.jpg)
  重复 -> 移入 _dupes: 135_苏州大学附属第一医院总院/023.jpg (≈ 002.jpg)
  重复 -> 移入 _dupes: 135_苏州大学附属第一医院总院/024.jpg (≈ 003.jpg)
  重复 -> 移入 _dupes: 135_苏州大学附属第一医院总院/025.jpg (≈ 004.jpg)
  重复 -> 移入 _dupes: 135_苏州大学附属第一医院总院/026.jpg (≈ 005.jpg)
  重复 -> 移入 _dupes: 135_苏州大学附属第一医院总院/027.jpg (≈ 006.jpg)
  重复 -> 移入 _dupes: 135_苏州大学附属第一医院总院/028.jpg (≈ 007.jpg)
  重复 -> 移入 _dupes: 135_苏州大学附属第一医院总院/029.jpg (≈ 008.jpg)
  重复 -> 移入 _dupes: 135_苏州大学附属第一医院总院/030.jpg (≈ 009.jpg)
  重复 -> 移入 _dupes: 135_苏州大学附属第一医院总院/031.jpg (≈ 010.jpg)
  重复 -> 移入 _dupes: 136_四川省骨科医院/012.jpg (≈ 001.jpg)
  重复 -> 移入 _dupes: 136_四川省骨科医院/014.jpg (≈ 002.jpg)
  重复 -> 移入 _dupes: 136_四川省骨科医院/015.jpg (≈ 003.jpg)
  重复 -> 移入 _dupes: 136_四川省骨科医院/016.jpg (≈ 004.jpg)
  重复 -> 移入 _dupes: 136_四川省骨科医院/017.jpg (≈ 005.jpg)
  重复 -> 移入 _dupes: 136_四川省骨科医院/018.jpg (≈ 006.jpg)
  重复 -> 移入 _dupes: 136_四川省骨科医院/019.jpg (≈ 007.jpg)
  重复 -> 移入 _dupes: 136_四川省骨科医院/020.jpg (≈ 008.jpg)
  重复 -> 移入 _dupes: 136_四川省骨科医院/021.jpg (≈ 009.jpg)
  重复 -> 移入 _dupes: 136_四川省骨科医院/022.jpg (≈ 010.jpg)
  重复 -> 移入 _dupes: 137_四川省医学科学院•四川省人民医院/013.jpg (≈ 001.jpg)
  重复 -> 移入 _dupes: 137_四川省医学科学院•四川省人民医院/015.jpg (≈ 002.jpg)
  重复 -> 移入 _dupes: 137_四川省医学科学院•四川省人民医院/016.jpg (≈ 003.jpg)
  重复 -> 移入 _dupes: 137_四川省医学科学院•四川省人民医院/017.jpg (≈ 004.jpg)
  重复 -> 移入 _dupes: 137_四川省医学科学院•四川省人民医院/018.jpg (≈ 005.jpg)
  重复 -> 移入 _dupes: 137_四川省医学科学院•四川省人民医院/019.jpg (≈ 006.jpg)
  重复 -> 移入 _dupes: 137_四川省医学科学院•四川省人民医院/020.jpg (≈ 007.jpg)
  重复 -> 移入 _dupes: 137_四川省医学科学院•四川省人民医院/021.jpg (≈ 008.jpg)
  重复 -> 移入 _dupes: 137_四川省医学科学院•四川省人民医院/022.jpg (≈ 009.jpg)
  重复 -> 移入 _dupes: 137_四川省医学科学院•四川省人民医院/023.jpg (≈ 010.jpg)
  重复 -> 移入 _dupes: 13_国家区域医疗中心•北大人民医院青岛医院/028.png (≈ 019.png)
  重复 -> 移入 _dupes: 13_国家区域医疗中心•北大人民医院青岛医院/030.png (≈ 020.png)
  重复 -> 移入 _dupes: 13_国家区域医疗中心•北大人民医院青岛医院/031.jpg (≈ 021.jpg)
  重复 -> 移入 _dupes: 13_国家区域医疗中心•北大人民医院青岛医院/032.jpg (≈ 022.jpg)
  重复 -> 移入 _dupes: 13_国家区域医疗中心•北大人民医院青岛医院/033.jpg (≈ 023.jpg)
  重复 -> 移入 _dupes: 13_国家区域医疗中心•北大人民医院青岛医院/034.jpg (≈ 024.jpg)
  重复 -> 移入 _dupes: 13_国家区域医疗中心•北大人民医院青岛医院/035.jpg (≈ 025.jpg)
  重复 -> 移入 _dupes: 13_国家区域医疗中心•北大人民医院青岛医院/036.jpg (≈ 026.jpg)
  重复 -> 移入 _dupes: 13_国家区域医疗中心•北大人民医院青岛医院/037.jpg (≈ 027.jpg)
  重复 -> 移入 _dupes: 53_江西省修水县第一人民医院（良塘南院）/009.jpg (≈ 001.jpg)
  重复 -> 移入 _dupes: 53_江西省修水县第一人民医院（良塘南院）/011.png (≈ 002.png)
  重复 -> 移入 _dupes: 53_江西省修水县第一人民医院（良塘南院）/012.png (≈ 003.png)
  重复 -> 移入 _dupes: 53_江西省修水县第一人民医院（良塘南院）/013.jpg (≈ 004.jpg)
  重复 -> 移入 _dupes: 53_江西省修水县第一人民医院（良塘南院）/014.jpg (≈ 005.jpg)
  重复 -> 移入 _dupes: 53_江西省修水县第一人民医院（良塘南院）/015.jpg (≈ 006.jpg)
  重复 -> 移入 _dupes: 53_江西省修水县第一人民医院（良塘南院）/016.jpg (≈ 007.jpg)
  重复 -> 移入 _dupes: 53_江西省修水县第一人民医院（良塘南院）/017.jpg (≈ 008.jpg)
  重复 -> 移入 _dupes: 54_国家区域医疗中心•武汉同济医院襄阳医院/010.jpg (≈ 001.jpg)
  重复 -> 移入 _dupes: 54_国家区域医疗中心•武汉同济医院襄阳医院/012.jpg (≈ 002.jpg)
  重复 -> 移入 _dupes: 54_国家区域医疗中心•武汉同济医院襄阳医院/013.jpg (≈ 003.jpg)
  重复 -> 移入 _dupes: 54_国家区域医疗中心•武汉同济医院襄阳医院/014.jpg (≈ 004.jpg)
  重复 -> 移入 _dupes: 54_国家区域医疗中心•武汉同济医院襄阳医院/015.jpg (≈ 005.jpg)
  重复 -> 移入 _dupes: 54_国家区域医疗中心•武汉同济医院襄阳医院/016.jpg (≈ 006.jpg)
  重复 -> 移入 _dupes: 54_国家区域医疗中心•武汉同济医院襄阳医院/017.jpg (≈ 007.jpg)
  重复 -> 移入 _dupes: 54_国家区域医疗中心•武汉同济医院襄阳医院/018.jpg (≈ 008.jpg)
  重复 -> 移入 _dupes: 54_国家区域医疗中心•武汉同济医院襄阳医院/019.jpg (≈ 009.jpg)
  重复 -> 移入 _dupes: 55_国家区域医疗中心•中南湘雅二医院桂林医院/013.png (≈ 001.png)
  重复 -> 移入 _dupes: 55_国家区域医疗中心•中南湘雅二医院桂林医院/015.jpg (≈ 002.jpg)
  重复 -> 移入 _dupes: 55_国家区域医疗中心•中南湘雅二医院桂林医院/016.jpg (≈ 003.jpg)
  重复 -> 移入 _dupes: 55_国家区域医疗中心•中南湘雅二医院桂林医院/017.jpg (≈ 004.jpg)
  重复 -> 移入 _dupes: 55_国家区域医疗中心•中南湘雅二医院桂林医院/018.jpg (≈ 005.jpg)
  重复 -> 移入 _dupes: 55_国家区域医疗中心•中南湘雅二医院桂林医院/019.jpg (≈ 006.jpg)
  重复 -> 移入 _dupes: 55_国家区域医疗中心•中南湘雅二医院桂林医院/020.jpg (≈ 007.jpg)
  重复 -> 移入 _dupes: 55_国家区域医疗中心•中南湘雅二医院桂林医院/021.jpg (≈ 008.jpg)
  重复 -> 移入 _dupes: 55_国家区域医疗中心•中南湘雅二医院桂林医院/022.jpg (≈ 009.jpg)
  重复 -> 移入 _dupes: 55_国家区域医疗中心•中南湘雅二医院桂林医院/023.jpg (≈ 010.jpg)
  重复 -> 移入 _dupes: 56_国家区域医疗中心•武汉协和医院宜昌医院/010.jpg (≈ 001.jpg)
  重复 -> 移入 _dupes: 56_国家区域医疗中心•武汉协和医院宜昌医院/011.jpg (≈ 001.jpg)
  重复 -> 移入 _dupes: 56_国家区域医疗中心•武汉协和医院宜昌医院/012.jpg (≈ 002.jpg)
  重复 -> 移入 _dupes: 56_国家区域医疗中心•武汉协和医院宜昌医院/013.jpg (≈ 003.jpg)
  重复 -> 移入 _dupes: 56_国家区域医疗中心•武汉协和医院宜昌医院/014.jpg (≈ 004.jpg)
  重复 -> 移入 _dupes: 56_国家区域医疗中心•武汉协和医院宜昌医院/015.png (≈ 005.png)
  重复 -> 移入 _dupes: 56_国家区域医疗中心•武汉协和医院宜昌医院/016.jpg (≈ 006.jpg)
  重复 -> 移入 _dupes: 56_国家区域医疗中心•武汉协和医院宜昌医院/017.png (≈ 007.png)
  重复 -> 移入 _dupes: 56_国家区域医疗中心•武汉协和医院宜昌医院/018.png (≈ 008.png)
  重复 -> 移入 _dupes: 56_国家区域医疗中心•武汉协和医院宜昌医院/019.jpg (≈ 009.jpg)
  重复 -> 移入 _dupes: 57_国家区域医疗中心•西安交大二附院洛阳医院/010.png (≈ 001.png)
  重复 -> 移入 _dupes: 57_国家区域医疗中心•西安交大二附院洛阳医院/011.jpg (≈ 001.png)
  重复 -> 移入 _dupes: 57_国家区域医疗中心•西安交大二附院洛阳医院/012.jpg (≈ 002.jpg)
  重复 -> 移入 _dupes: 57_国家区域医疗中心•西安交大二附院洛阳医院/013.png (≈ 003.png)
  重复 -> 移入 _dupes: 57_国家区域医疗中心•西安交大二附院洛阳医院/014.png (≈ 004.png)
  重复 -> 移入 _dupes: 57_国家区域医疗中心•西安交大二附院洛阳医院/015.jpg (≈ 005.jpg)
  重复 -> 移入 _dupes: 57_国家区域医疗中心•西安交大二附院洛阳医院/016.jpg (≈ 006.jpg)
  重复 -> 移入 _dupes: 57_国家区域医疗中心•西安交大二附院洛阳医院/017.jpg (≈ 007.jpg)
  重复 -> 移入 _dupes: 57_国家区域医疗中心•西安交大二附院洛阳医院/018.jpg (≈ 008.jpg)
  重复 -> 移入 _dupes: 57_国家区域医疗中心•西安交大二附院洛阳医院/019.jpg (≈ 009.jpg)
  重复 -> 移入 _dupes: 58_西安市红会医院•西安市骨科研究所北院区/017.jpg (≈ 001.jpg)
  重复 -> 移入 _dupes: 58_西安市红会医院•西安市骨科研究所北院区/019.jpg (≈ 002.jpg)
  重复 -> 移入 _dupes: 58_西安市红会医院•西安市骨科研究所北院区/020.jpg (≈ 003.jpg)
  重复 -> 移入 _dupes: 58_西安市红会医院•西安市骨科研究所北院区/021.jpg (≈ 004.jpg)
  重复 -> 移入 _dupes: 58_西安市红会医院•西安市骨科研究所北院区/022.jpg (≈ 005.jpg)
  重复 -> 移入 _dupes: 58_西安市红会医院•西安市骨科研究所北院区/023.jpg (≈ 006.jpg)
  重复 -> 移入 _dupes: 58_西安市红会医院•西安市骨科研究所北院区/024.jpg (≈ 007.jpg)
  重复 -> 移入 _dupes: 58_西安市红会医院•西安市骨科研究所北院区/025.jpg (≈ 008.jpg)
  重复 -> 移入 _dupes: 58_西安市红会医院•西安市骨科研究所北院区/026.jpg (≈ 009.jpg)
  重复 -> 移入 _dupes: 58_西安市红会医院•西安市骨科研究所北院区/027.jpg (≈ 010.jpg)
  重复 -> 移入 _dupes: 59_西安启迪儿童医院•西安市儿童医院高新院区/013.png (≈ 001.png)
  重复 -> 移入 _dupes: 59_西安启迪儿童医院•西安市儿童医院高新院区/015.jpg (≈ 002.jpg)
  重复 -> 移入 _dupes: 59_西安启迪儿童医院•西安市儿童医院高新院区/016.jpg (≈ 003.jpg)
  重复 -> 移入 _dupes: 59_西安启迪儿童医院•西安市儿童医院高新院区/017.jpg (≈ 004.jpg)
  重复 -> 移入 _dupes: 59_西安启迪儿童医院•西安市儿童医院高新院区/018.png (≈ 005.png)
  重复 -> 移入 _dupes: 59_西安启迪儿童医院•西安市儿童医院高新院区/019.jpg (≈ 006.jpg)
  重复 -> 移入 _dupes: 59_西安启迪儿童医院•西安市儿童医院高新院区/020.jpg (≈ 007.jpg)
  重复 -> 移入 _dupes: 59_西安启迪儿童医院•西安市儿童医院高新院区/021.jpg (≈ 008.jpg)
  重复 -> 移入 _dupes: 59_西安启迪儿童医院•西安市儿童医院高新院区/022.jpg (≈ 009.jpg)
  重复 -> 移入 _dupes: 59_西安启迪儿童医院•西安市儿童医院高新院区/023.jpg (≈ 010.jpg)
  重复 -> 移入 _dupes: 60_国家儿童区域医疗中心•陕西省儿童医学中心/020.jpg (≈ 001.jpg)
  重复 -> 移入 _dupes: 60_国家儿童区域医疗中心•陕西省儿童医学中心/022.jpg (≈ 002.jpg)
  重复 -> 移入 _dupes: 60_国家儿童区域医疗中心•陕西省儿童医学中心/023.jpg (≈ 003.jpg)
  重复 -> 移入 _dupes: 60_国家儿童区域医疗中心•陕西省儿童医学中心/024.jpg (≈ 004.jpg)
  重复 -> 移入 _dupes: 60_国家儿童区域医疗中心•陕西省儿童医学中心/025.jpg (≈ 005.jpg)
  重复 -> 移入 _dupes: 60_国家儿童区域医疗中心•陕西省儿童医学中心/026.jpg (≈ 006.jpg)
  重复 -> 移入 _dupes: 60_国家儿童区域医疗中心•陕西省儿童医学中心/027.jpg (≈ 007.jpg)
  重复 -> 移入 _dupes: 60_国家儿童区域医疗中心•陕西省儿童医学中心/028.jpg (≈ 008.jpg)
  重复 -> 移入 _dupes: 60_国家儿童区域医疗中心•陕西省儿童医学中心/029.jpg (≈ 009.jpg)
  重复 -> 移入 _dupes: 60_国家儿童区域医疗中心•陕西省儿童医学中心/030.jpg (≈ 010.jpg)
  重复 -> 移入 _dupes: 61_佛山市顺德区妇幼保健院（新院区）/016.jpg (≈ 001.jpg)
  重复 -> 移入 _dupes: 61_佛山市顺德区妇幼保健院（新院区）/018.jpg (≈ 002.jpg)
  重复 -> 移入 _dupes: 61_佛山市顺德区妇幼保健院（新院区）/019.jpg (≈ 003.jpg)
  重复 -> 移入 _dupes: 61_佛山市顺德区妇幼保健院（新院区）/020.jpg (≈ 004.jpg)
  重复 -> 移入 _dupes: 61_佛山市顺德区妇幼保健院（新院区）/021.jpg (≈ 005.jpg)
  重复 -> 移入 _dupes: 61_佛山市顺德区妇幼保健院（新院区）/022.jpg (≈ 006.jpg)
  重复 -> 移入 _dupes: 61_佛山市顺德区妇幼保健院（新院区）/023.jpg (≈ 007.jpg)
  重复 -> 移入 _dupes: 61_佛山市顺德区妇幼保健院（新院区）/024.jpg (≈ 008.jpg)
  重复 -> 移入 _dupes: 61_佛山市顺德区妇幼保健院（新院区）/025.jpg (≈ 009.jpg)
  重复 -> 移入 _dupes: 61_佛山市顺德区妇幼保健院（新院区）/026.jpg (≈ 010.jpg)
  重复 -> 移入 _dupes: 63_海南现代妇女儿童医院（秀英院区）/009.jpg (≈ 001.jpg)
  重复 -> 移入 _dupes: 63_海南现代妇女儿童医院（秀英院区）/010.jpg (≈ 001.jpg)
  重复 -> 移入 _dupes: 63_海南现代妇女儿童医院（秀英院区）/011.jpg (≈ 002.jpg)
  重复 -> 移入 _dupes: 63_海南现代妇女儿童医院（秀英院区）/012.jpg (≈ 003.jpg)
  重复 -> 移入 _dupes: 63_海南现代妇女儿童医院（秀英院区）/013.jpg (≈ 004.jpg)
  重复 -> 移入 _dupes: 63_海南现代妇女儿童医院（秀英院区）/014.jpg (≈ 005.jpg)
  重复 -> 移入 _dupes: 63_海南现代妇女儿童医院（秀英院区）/015.jpg (≈ 006.jpg)
  重复 -> 移入 _dupes: 63_海南现代妇女儿童医院（秀英院区）/016.jpg (≈ 007.jpg)
  重复 -> 移入 _dupes: 63_海南现代妇女儿童医院（秀英院区）/017.jpg (≈ 008.jpg)
  重复 -> 移入 _dupes: 64_汕头市公共卫生医学中心•汕头市人民医院/017.png (≈ 001.png)
  重复 -> 移入 _dupes: 64_汕头市公共卫生医学中心•汕头市人民医院/019.png (≈ 002.png)
  重复 -> 移入 _dupes: 64_汕头市公共卫生医学中心•汕头市人民医院/020.jpg (≈ 003.jpg)
  重复 -> 移入 _dupes: 64_汕头市公共卫生医学中心•汕头市人民医院/021.png (≈ 004.png)
  重复 -> 移入 _dupes: 64_汕头市公共卫生医学中心•汕头市人民医院/022.jpg (≈ 005.jpg)
  重复 -> 移入 _dupes: 64_汕头市公共卫生医学中心•汕头市人民医院/023.jpg (≈ 006.jpg)
  重复 -> 移入 _dupes: 64_汕头市公共卫生医学中心•汕头市人民医院/024.jpg (≈ 007.jpg)
  重复 -> 移入 _dupes: 64_汕头市公共卫生医学中心•汕头市人民医院/025.jpg (≈ 008.jpg)
  重复 -> 移入 _dupes: 64_汕头市公共卫生医学中心•汕头市人民医院/026.jpg (≈ 009.jpg)
  重复 -> 移入 _dupes: 64_汕头市公共卫生医学中心•汕头市人民医院/027.png (≈ 010.png)
  重复 -> 移入 _dupes: 65_省级区域医疗中心汕头市中心医院东海岸院区/012.png (≈ 001.png)
  重复 -> 移入 _dupes: 65_省级区域医疗中心汕头市中心医院东海岸院区/014.jpg (≈ 002.jpg)
  重复 -> 移入 _dupes: 65_省级区域医疗中心汕头市中心医院东海岸院区/015.jpg (≈ 003.jpg)
  重复 -> 移入 _dupes: 65_省级区域医疗中心汕头市中心医院东海岸院区/016.jpg (≈ 004.jpg)
  重复 -> 移入 _dupes: 65_省级区域医疗中心汕头市中心医院东海岸院区/017.jpg (≈ 005.jpg)
  重复 -> 移入 _dupes: 65_省级区域医疗中心汕头市中心医院东海岸院区/018.jpg (≈ 006.jpg)
  重复 -> 移入 _dupes: 65_省级区域医疗中心汕头市中心医院东海岸院区/019.jpg (≈ 007.jpg)
  重复 -> 移入 _dupes: 65_省级区域医疗中心汕头市中心医院东海岸院区/020.jpg (≈ 008.jpg)
  重复 -> 移入 _dupes: 65_省级区域医疗中心汕头市中心医院东海岸院区/021.jpg (≈ 009.jpg)
  重复 -> 移入 _dupes: 65_省级区域医疗中心汕头市中心医院东海岸院区/022.jpg (≈ 010.jpg)
  重复 -> 移入 _dupes: 66_省级区域医疗中心•淄博市中心医院西院区/013.jpg (≈ 001.jpg)
  重复 -> 移入 _dupes: 66_省级区域医疗中心•淄博市中心医院西院区/015.jpg (≈ 002.jpg)
  重复 -> 移入 _dupes: 66_省级区域医疗中心•淄博市中心医院西院区/016.jpg (≈ 003.jpg)
  重复 -> 移入 _dupes: 66_省级区域医疗中心•淄博市中心医院西院区/017.jpg (≈ 004.jpg)
  重复 -> 移入 _dupes: 66_省级区域医疗中心•淄博市中心医院西院区/018.jpg (≈ 005.jpg)
  重复 -> 移入 _dupes: 66_省级区域医疗中心•淄博市中心医院西院区/019.jpg (≈ 006.jpg)
  重复 -> 移入 _dupes: 66_省级区域医疗中心•淄博市中心医院西院区/020.png (≈ 007.png)
  重复 -> 移入 _dupes: 66_省级区域医疗中心•淄博市中心医院西院区/021.jpg (≈ 008.jpg)
  重复 -> 移入 _dupes: 66_省级区域医疗中心•淄博市中心医院西院区/022.jpg (≈ 009.jpg)
  重复 -> 移入 _dupes: 66_省级区域医疗中心•淄博市中心医院西院区/023.png (≈ 010.png)
  重复 -> 移入 _dupes: 67_四川大学华西医院（锦江院区）/010.jpg (≈ 001.jpg)
  重复 -> 移入 _dupes: 67_四川大学华西医院（锦江院区）/012.jpg (≈ 002.jpg)
  重复 -> 移入 _dupes: 67_四川大学华西医院（锦江院区）/013.jpg (≈ 003.jpg)
  重复 -> 移入 _dupes: 67_四川大学华西医院（锦江院区）/014.jpg (≈ 004.jpg)
  重复 -> 移入 _dupes: 67_四川大学华西医院（锦江院区）/015.jpg (≈ 005.jpg)
  重复 -> 移入 _dupes: 67_四川大学华西医院（锦江院区）/016.jpg (≈ 006.jpg)
  重复 -> 移入 _dupes: 67_四川大学华西医院（锦江院区）/017.jpg (≈ 007.jpg)
  重复 -> 移入 _dupes: 67_四川大学华西医院（锦江院区）/018.jpg (≈ 008.jpg)
  重复 -> 移入 _dupes: 67_四川大学华西医院（锦江院区）/019.jpg (≈ 009.jpg)
  重复 -> 移入 _dupes: 68_重庆大学附属中心医院（科学城院区）/011.jpg (≈ 001.jpg)
  重复 -> 移入 _dupes: 68_重庆大学附属中心医院（科学城院区）/013.jpg (≈ 002.jpg)
  重复 -> 移入 _dupes: 68_重庆大学附属中心医院（科学城院区）/014.jpg (≈ 003.jpg)
  重复 -> 移入 _dupes: 68_重庆大学附属中心医院（科学城院区）/015.jpg (≈ 004.jpg)
  重复 -> 移入 _dupes: 68_重庆大学附属中心医院（科学城院区）/016.jpg (≈ 005.jpg)
  重复 -> 移入 _dupes: 68_重庆大学附属中心医院（科学城院区）/017.jpg (≈ 006.jpg)
  重复 -> 移入 _dupes: 68_重庆大学附属中心医院（科学城院区）/018.jpg (≈ 007.jpg)
  重复 -> 移入 _dupes: 68_重庆大学附属中心医院（科学城院区）/019.jpg (≈ 008.jpg)
  重复 -> 移入 _dupes: 68_重庆大学附属中心医院（科学城院区）/020.jpg (≈ 009.jpg)
  重复 -> 移入 _dupes: 68_重庆大学附属中心医院（科学城院区）/021.jpg (≈ 010.jpg)
  重复 -> 移入 _dupes: 69_国家儿童区域医疗中心广州妇儿中心南沙院区/011.jpg (≈ 001.jpg)
  重复 -> 移入 _dupes: 69_国家儿童区域医疗中心广州妇儿中心南沙院区/013.jpg (≈ 002.jpg)
  重复 -> 移入 _dupes: 69_国家儿童区域医疗中心广州妇儿中心南沙院区/014.jpg (≈ 003.jpg)
  重复 -> 移入 _dupes: 69_国家儿童区域医疗中心广州妇儿中心南沙院区/015.jpg (≈ 004.jpg)
  重复 -> 移入 _dupes: 69_国家儿童区域医疗中心广州妇儿中心南沙院区/016.jpg (≈ 005.jpg)
  重复 -> 移入 _dupes: 69_国家儿童区域医疗中心广州妇儿中心南沙院区/017.jpg (≈ 006.jpg)
  重复 -> 移入 _dupes: 69_国家儿童区域医疗中心广州妇儿中心南沙院区/018.jpg (≈ 007.jpg)
  重复 -> 移入 _dupes: 69_国家儿童区域医疗中心广州妇儿中心南沙院区/019.jpg (≈ 008.jpg)
  重复 -> 移入 _dupes: 69_国家儿童区域医疗中心广州妇儿中心南沙院区/020.jpg (≈ 009.jpg)
  重复 -> 移入 _dupes: 69_国家儿童区域医疗中心广州妇儿中心南沙院区/021.jpg (≈ 010.jpg)
  重复 -> 移入 _dupes: 70_中山大学附属第一医院（南沙院区）/021.jpg (≈ 001.jpg)
  重复 -> 移入 _dupes: 70_中山大学附属第一医院（南沙院区）/023.png (≈ 002.png)
  重复 -> 移入 _dupes: 70_中山大学附属第一医院（南沙院区）/024.png (≈ 003.png)
  重复 -> 移入 _dupes: 70_中山大学附属第一医院（南沙院区）/025.jpg (≈ 004.jpg)
  重复 -> 移入 _dupes: 70_中山大学附属第一医院（南沙院区）/026.png (≈ 005.png)
  重复 -> 移入 _dupes: 70_中山大学附属第一医院（南沙院区）/027.png (≈ 006.png)
  重复 -> 移入 _dupes: 70_中山大学附属第一医院（南沙院区）/028.png (≈ 007.png)
  重复 -> 移入 _dupes: 70_中山大学附属第一医院（南沙院区）/029.jpg (≈ 008.jpg)
  重复 -> 移入 _dupes: 70_中山大学附属第一医院（南沙院区）/030.jpg (≈ 009.jpg)
  重复 -> 移入 _dupes: 70_中山大学附属第一医院（南沙院区）/031.png (≈ 010.png)
  重复 -> 移入 _dupes: 71_桂林医科大学第一附属医院（漓东院区）/016.jpg (≈ 001.jpg)
  重复 -> 移入 _dupes: 71_桂林医科大学第一附属医院（漓东院区）/018.jpg (≈ 002.jpg)
  重复 -> 移入 _dupes: 71_桂林医科大学第一附属医院（漓东院区）/019.jpg (≈ 003.jpg)
  重复 -> 移入 _dupes: 71_桂林医科大学第一附属医院（漓东院区）/020.png (≈ 004.png)
  重复 -> 移入 _dupes: 71_桂林医科大学第一附属医院（漓东院区）/021.jpg (≈ 005.jpg)
  重复 -> 移入 _dupes: 71_桂林医科大学第一附属医院（漓东院区）/022.jpg (≈ 006.jpg)
  重复 -> 移入 _dupes: 71_桂林医科大学第一附属医院（漓东院区）/023.jpg (≈ 007.jpg)
  重复 -> 移入 _dupes: 71_桂林医科大学第一附属医院（漓东院区）/024.jpg (≈ 008.jpg)
  重复 -> 移入 _dupes: 71_桂林医科大学第一附属医院（漓东院区）/025.png (≈ 009.png)
  重复 -> 移入 _dupes: 71_桂林医科大学第一附属医院（漓东院区）/026.jpg (≈ 010.jpg)
  重复 -> 移入 _dupes: 72_江西省瑞金市妇幼保健院（新院区）/010.jpg (≈ 001.jpg)
  重复 -> 移入 _dupes: 72_江西省瑞金市妇幼保健院（新院区）/012.jpg (≈ 002.jpg)
  重复 -> 移入 _dupes: 72_江西省瑞金市妇幼保健院（新院区）/013.jpg (≈ 003.jpg)
  重复 -> 移入 _dupes: 72_江西省瑞金市妇幼保健院（新院区）/014.jpg (≈ 004.jpg)
  重复 -> 移入 _dupes: 72_江西省瑞金市妇幼保健院（新院区）/015.jpg (≈ 005.jpg)
  重复 -> 移入 _dupes: 72_江西省瑞金市妇幼保健院（新院区）/016.jpg (≈ 006.jpg)
  重复 -> 移入 _dupes: 72_江西省瑞金市妇幼保健院（新院区）/017.jpg (≈ 007.jpg)
  重复 -> 移入 _dupes: 72_江西省瑞金市妇幼保健院（新院区）/018.jpg (≈ 008.jpg)
  重复 -> 移入 _dupes: 72_江西省瑞金市妇幼保健院（新院区）/019.jpg (≈ 009.jpg)
  重复 -> 移入 _dupes: 73_国家区域医疗中心•江西省妇女儿童医学中心/013.jpg (≈ 001.jpg)
  重复 -> 移入 _dupes: 73_国家区域医疗中心•江西省妇女儿童医学中心/015.jpg (≈ 002.jpg)
  重复 -> 移入 _dupes: 73_国家区域医疗中心•江西省妇女儿童医学中心/016.jpg (≈ 003.jpg)
  重复 -> 移入 _dupes: 73_国家区域医疗中心•江西省妇女儿童医学中心/017.jpg (≈ 004.jpg)
  重复 -> 移入 _dupes: 73_国家区域医疗中心•江西省妇女儿童医学中心/018.jpg (≈ 005.jpg)
  重复 -> 移入 _dupes: 73_国家区域医疗中心•江西省妇女儿童医学中心/019.jpg (≈ 006.jpg)
  重复 -> 移入 _dupes: 73_国家区域医疗中心•江西省妇女儿童医学中心/020.jpg (≈ 007.jpg)
  重复 -> 移入 _dupes: 73_国家区域医疗中心•江西省妇女儿童医学中心/021.jpg (≈ 008.jpg)
  重复 -> 移入 _dupes: 73_国家区域医疗中心•江西省妇女儿童医学中心/022.jpg (≈ 009.jpg)
  重复 -> 移入 _dupes: 73_国家区域医疗中心•江西省妇女儿童医学中心/023.jpg (≈ 010.jpg)
  重复 -> 移入 _dupes: 74_国家区域医疗中心•广医附一医院娄底医院/011.jpg (≈ 001.jpg)
  重复 -> 移入 _dupes: 74_国家区域医疗中心•广医附一医院娄底医院/013.png (≈ 002.png)
  重复 -> 移入 _dupes: 74_国家区域医疗中心•广医附一医院娄底医院/014.jpg (≈ 003.jpg)
  重复 -> 移入 _dupes: 74_国家区域医疗中心•广医附一医院娄底医院/015.jpg (≈ 004.jpg)
  重复 -> 移入 _dupes: 74_国家区域医疗中心•广医附一医院娄底医院/016.jpg (≈ 005.jpg)
  重复 -> 移入 _dupes: 74_国家区域医疗中心•广医附一医院娄底医院/017.jpg (≈ 006.jpg)
  重复 -> 移入 _dupes: 74_国家区域医疗中心•广医附一医院娄底医院/018.jpg (≈ 007.jpg)
  重复 -> 移入 _dupes: 74_国家区域医疗中心•广医附一医院娄底医院/019.jpg (≈ 008.jpg)
  重复 -> 移入 _dupes: 74_国家区域医疗中心•广医附一医院娄底医院/020.jpg (≈ 009.jpg)
  重复 -> 移入 _dupes: 74_国家区域医疗中心•广医附一医院娄底医院/021.jpg (≈ 010.jpg)
  重复 -> 移入 _dupes: 75_国家区域医疗中心•中山大学附一院贵州医院/008.jpg (≈ 001.jpg)
  重复 -> 移入 _dupes: 75_国家区域医疗中心•中山大学附一院贵州医院/010.jpg (≈ 002.jpg)
  重复 -> 移入 _dupes: 75_国家区域医疗中心•中山大学附一院贵州医院/011.jpg (≈ 003.jpg)
  重复 -> 移入 _dupes: 75_国家区域医疗中心•中山大学附一院贵州医院/012.jpg (≈ 004.jpg)
  重复 -> 移入 _dupes: 75_国家区域医疗中心•中山大学附一院贵州医院/013.jpg (≈ 005.jpg)
  重复 -> 移入 _dupes: 75_国家区域医疗中心•中山大学附一院贵州医院/014.jpg (≈ 006.jpg)
  重复 -> 移入 _dupes: 75_国家区域医疗中心•中山大学附一院贵州医院/015.jpg (≈ 007.jpg)
  重复 -> 移入 _dupes: 76_江西省瑞金市人民医院新院区/012.jpg (≈ 001.jpg)
  重复 -> 移入 _dupes: 76_江西省瑞金市人民医院新院区/014.jpg (≈ 002.jpg)
  重复 -> 移入 _dupes: 76_江西省瑞金市人民医院新院区/015.jpg (≈ 003.jpg)
  重复 -> 移入 _dupes: 76_江西省瑞金市人民医院新院区/016.jpg (≈ 004.jpg)
  重复 -> 移入 _dupes: 76_江西省瑞金市人民医院新院区/017.jpg (≈ 005.jpg)
  重复 -> 移入 _dupes: 76_江西省瑞金市人民医院新院区/018.jpg (≈ 006.jpg)
  重复 -> 移入 _dupes: 76_江西省瑞金市人民医院新院区/019.jpg (≈ 007.jpg)
  重复 -> 移入 _dupes: 76_江西省瑞金市人民医院新院区/020.jpg (≈ 008.jpg)
  重复 -> 移入 _dupes: 76_江西省瑞金市人民医院新院区/021.jpg (≈ 009.jpg)
  重复 -> 移入 _dupes: 76_江西省瑞金市人民医院新院区/022.jpg (≈ 010.jpg)
  重复 -> 移入 _dupes: 77_国家区域医疗中心•北京积水潭医院贵州医院/018.jpg (≈ 001.jpg)
  重复 -> 移入 _dupes: 77_国家区域医疗中心•北京积水潭医院贵州医院/020.jpg (≈ 002.jpg)
  重复 -> 移入 _dupes: 77_国家区域医疗中心•北京积水潭医院贵州医院/021.jpg (≈ 003.jpg)
  重复 -> 移入 _dupes: 77_国家区域医疗中心•北京积水潭医院贵州医院/022.jpg (≈ 004.jpg)
  重复 -> 移入 _dupes: 77_国家区域医疗中心•北京积水潭医院贵州医院/023.jpg (≈ 005.jpg)
  重复 -> 移入 _dupes: 77_国家区域医疗中心•北京积水潭医院贵州医院/024.jpg (≈ 006.jpg)
  重复 -> 移入 _dupes: 77_国家区域医疗中心•北京积水潭医院贵州医院/025.jpg (≈ 007.jpg)
  重复 -> 移入 _dupes: 77_国家区域医疗中心•北京积水潭医院贵州医院/026.jpg (≈ 008.jpg)
  重复 -> 移入 _dupes: 77_国家区域医疗中心•北京积水潭医院贵州医院/027.jpg (≈ 009.jpg)
  重复 -> 移入 _dupes: 77_国家区域医疗中心•北京积水潭医院贵州医院/028.jpg (≈ 010.jpg)
  重复 -> 移入 _dupes: 78_蚌埠医科大学第一附属医院新院区/021.jpg (≈ 001.jpg)
  重复 -> 移入 _dupes: 78_蚌埠医科大学第一附属医院新院区/023.jpg (≈ 002.jpg)
  重复 -> 移入 _dupes: 78_蚌埠医科大学第一附属医院新院区/024.jpg (≈ 003.jpg)
  重复 -> 移入 _dupes: 78_蚌埠医科大学第一附属医院新院区/025.jpg (≈ 004.jpg)
  重复 -> 移入 _dupes: 78_蚌埠医科大学第一附属医院新院区/026.png (≈ 005.png)
  重复 -> 移入 _dupes: 78_蚌埠医科大学第一附属医院新院区/027.jpg (≈ 006.jpg)
  重复 -> 移入 _dupes: 78_蚌埠医科大学第一附属医院新院区/028.jpg (≈ 007.jpg)
  重复 -> 移入 _dupes: 78_蚌埠医科大学第一附属医院新院区/029.jpg (≈ 008.jpg)
  重复 -> 移入 _dupes: 78_蚌埠医科大学第一附属医院新院区/030.jpg (≈ 009.jpg)
  重复 -> 移入 _dupes: 78_蚌埠医科大学第一附属医院新院区/031.jpg (≈ 010.jpg)
  重复 -> 移入 _dupes: 79_安徽医科大学第一附属医院（南区）/008.jpg (≈ 001.jpg)
  重复 -> 移入 _dupes: 79_安徽医科大学第一附属医院（南区）/010.jpg (≈ 002.jpg)
  重复 -> 移入 _dupes: 79_安徽医科大学第一附属医院（南区）/011.jpg (≈ 003.jpg)
  重复 -> 移入 _dupes: 79_安徽医科大学第一附属医院（南区）/012.jpg (≈ 004.jpg)
  重复 -> 移入 _dupes: 79_安徽医科大学第一附属医院（南区）/013.jpg (≈ 005.jpg)
  重复 -> 移入 _dupes: 79_安徽医科大学第一附属医院（南区）/014.png (≈ 006.png)
  重复 -> 移入 _dupes: 79_安徽医科大学第一附属医院（南区）/015.jpg (≈ 007.jpg)
  重复 -> 移入 _dupes: 80_温州医科大学附属第一医院（南白象院区）/010.png (≈ 001.png)
  重复 -> 移入 _dupes: 80_温州医科大学附属第一医院（南白象院区）/012.jpg (≈ 002.jpg)
  重复 -> 移入 _dupes: 80_温州医科大学附属第一医院（南白象院区）/013.jpg (≈ 003.jpg)
  重复 -> 移入 _dupes: 80_温州医科大学附属第一医院（南白象院区）/014.jpg (≈ 004.jpg)
  重复 -> 移入 _dupes: 80_温州医科大学附属第一医院（南白象院区）/015.png (≈ 005.png)
  重复 -> 移入 _dupes: 80_温州医科大学附属第一医院（南白象院区）/016.png (≈ 006.png)
  重复 -> 移入 _dupes: 80_温州医科大学附属第一医院（南白象院区）/017.png (≈ 007.png)
  重复 -> 移入 _dupes: 80_温州医科大学附属第一医院（南白象院区）/018.png (≈ 008.png)
  重复 -> 移入 _dupes: 80_温州医科大学附属第一医院（南白象院区）/019.jpg (≈ 009.jpg)
  重复 -> 移入 _dupes: 81_九江学院附属口腔医院•九江市口腔医院/010.png (≈ 001.png)
  重复 -> 移入 _dupes: 81_九江学院附属口腔医院•九江市口腔医院/012.png (≈ 002.png)
  重复 -> 移入 _dupes: 81_九江学院附属口腔医院•九江市口腔医院/013.jpg (≈ 003.jpg)
  重复 -> 移入 _dupes: 81_九江学院附属口腔医院•九江市口腔医院/014.jpg (≈ 004.jpg)
  重复 -> 移入 _dupes: 81_九江学院附属口腔医院•九江市口腔医院/015.jpg (≈ 005.jpg)
  重复 -> 移入 _dupes: 81_九江学院附属口腔医院•九江市口腔医院/016.jpg (≈ 006.jpg)
  重复 -> 移入 _dupes: 81_九江学院附属口腔医院•九江市口腔医院/017.jpg (≈ 007.jpg)
  重复 -> 移入 _dupes: 81_九江学院附属口腔医院•九江市口腔医院/018.jpg (≈ 008.jpg)
  重复 -> 移入 _dupes: 81_九江学院附属口腔医院•九江市口腔医院/019.jpg (≈ 009.jpg)
  重复 -> 移入 _dupes: 82_九江学院第二附属医院/018.jpg (≈ 001.jpg)
  重复 -> 移入 _dupes: 82_九江学院第二附属医院/020.jpg (≈ 002.jpg)
  重复 -> 移入 _dupes: 82_九江学院第二附属医院/021.jpg (≈ 003.jpg)
  重复 -> 移入 _dupes: 82_九江学院第二附属医院/022.jpg (≈ 004.jpg)
  重复 -> 移入 _dupes: 82_九江学院第二附属医院/023.jpg (≈ 005.jpg)
  重复 -> 移入 _dupes: 82_九江学院第二附属医院/024.jpg (≈ 006.jpg)
  重复 -> 移入 _dupes: 82_九江学院第二附属医院/025.jpg (≈ 007.jpg)
  重复 -> 移入 _dupes: 82_九江学院第二附属医院/026.jpg (≈ 008.jpg)
  重复 -> 移入 _dupes: 82_九江学院第二附属医院/027.png (≈ 009.png)
  重复 -> 移入 _dupes: 82_九江学院第二附属医院/028.png (≈ 010.png)
  重复 -> 移入 _dupes: 83_浙江大学医学院附属邵逸夫医院绍兴院区/021.jpg (≈ 001.jpg)
  重复 -> 移入 _dupes: 83_浙江大学医学院附属邵逸夫医院绍兴院区/023.jpg (≈ 002.jpg)
  重复 -> 移入 _dupes: 83_浙江大学医学院附属邵逸夫医院绍兴院区/024.jpg (≈ 003.jpg)
  重复 -> 移入 _dupes: 83_浙江大学医学院附属邵逸夫医院绍兴院区/025.png (≈ 004.png)
  重复 -> 移入 _dupes: 83_浙江大学医学院附属邵逸夫医院绍兴院区/026.png (≈ 005.png)
  重复 -> 移入 _dupes: 83_浙江大学医学院附属邵逸夫医院绍兴院区/027.jpg (≈ 006.jpg)
  重复 -> 移入 _dupes: 83_浙江大学医学院附属邵逸夫医院绍兴院区/028.png (≈ 007.png)
  重复 -> 移入 _dupes: 83_浙江大学医学院附属邵逸夫医院绍兴院区/029.png (≈ 008.png)
  重复 -> 移入 _dupes: 83_浙江大学医学院附属邵逸夫医院绍兴院区/030.png (≈ 009.png)
  重复 -> 移入 _dupes: 83_浙江大学医学院附属邵逸夫医院绍兴院区/031.jpg (≈ 010.jpg)
  重复 -> 移入 _dupes: 84_福建医科大学孟超肝胆医院（金山院区）/021.png (≈ 001.png)
  重复 -> 移入 _dupes: 84_福建医科大学孟超肝胆医院（金山院区）/022.jpg (≈ 001.png)
  重复 -> 移入 _dupes: 84_福建医科大学孟超肝胆医院（金山院区）/023.png (≈ 002.png)
  重复 -> 移入 _dupes: 84_福建医科大学孟超肝胆医院（金山院区）/024.png (≈ 003.png)
  重复 -> 移入 _dupes: 84_福建医科大学孟超肝胆医院（金山院区）/025.png (≈ 004.png)
  重复 -> 移入 _dupes: 84_福建医科大学孟超肝胆医院（金山院区）/026.png (≈ 005.png)
  重复 -> 移入 _dupes: 84_福建医科大学孟超肝胆医院（金山院区）/027.jpg (≈ 006.jpg)
  重复 -> 移入 _dupes: 84_福建医科大学孟超肝胆医院（金山院区）/028.jpg (≈ 007.jpg)
  重复 -> 移入 _dupes: 84_福建医科大学孟超肝胆医院（金山院区）/029.jpg (≈ 008.jpg)
  重复 -> 移入 _dupes: 84_福建医科大学孟超肝胆医院（金山院区）/030.jpg (≈ 009.jpg)
  重复 -> 移入 _dupes: 84_福建医科大学孟超肝胆医院（金山院区）/031.jpg (≈ 010.jpg)
  重复 -> 移入 _dupes: 85_兴国县人民医院（新院区）/010.jpg (≈ 001.jpg)
  重复 -> 移入 _dupes: 85_兴国县人民医院（新院区）/012.jpg (≈ 002.jpg)
  重复 -> 移入 _dupes: 85_兴国县人民医院（新院区）/013.jpg (≈ 003.jpg)
  重复 -> 移入 _dupes: 85_兴国县人民医院（新院区）/014.jpg (≈ 004.jpg)
  重复 -> 移入 _dupes: 85_兴国县人民医院（新院区）/015.jpg (≈ 005.jpg)
  重复 -> 移入 _dupes: 85_兴国县人民医院（新院区）/016.jpg (≈ 006.jpg)
  重复 -> 移入 _dupes: 85_兴国县人民医院（新院区）/017.jpg (≈ 007.jpg)
  重复 -> 移入 _dupes: 85_兴国县人民医院（新院区）/018.jpg (≈ 008.jpg)
  重复 -> 移入 _dupes: 85_兴国县人民医院（新院区）/019.jpg (≈ 009.jpg)
  重复 -> 移入 _dupes: 86_浙江大学医学院附属第二医院萧山总部/002.jpg (≈ 001.jpg)
  重复 -> 移入 _dupes: 86_浙江大学医学院附属第二医院萧山总部/021.jpg (≈ 001.jpg)
  重复 -> 移入 _dupes: 86_浙江大学医学院附属第二医院萧山总部/024.jpg (≈ 003.jpg)
  重复 -> 移入 _dupes: 86_浙江大学医学院附属第二医院萧山总部/025.jpg (≈ 004.jpg)
  重复 -> 移入 _dupes: 86_浙江大学医学院附属第二医院萧山总部/026.png (≈ 005.png)
  重复 -> 移入 _dupes: 86_浙江大学医学院附属第二医院萧山总部/027.jpg (≈ 006.jpg)
  重复 -> 移入 _dupes: 86_浙江大学医学院附属第二医院萧山总部/028.jpg (≈ 007.jpg)
  重复 -> 移入 _dupes: 86_浙江大学医学院附属第二医院萧山总部/029.jpg (≈ 008.jpg)
  重复 -> 移入 _dupes: 86_浙江大学医学院附属第二医院萧山总部/030.jpg (≈ 009.jpg)
  重复 -> 移入 _dupes: 86_浙江大学医学院附属第二医院萧山总部/031.jpg (≈ 010.jpg)
  重复 -> 移入 _dupes: 87_江西省于都县人民医院新院区/009.png (≈ 001.png)
  重复 -> 移入 _dupes: 87_江西省于都县人民医院新院区/011.jpg (≈ 002.jpg)
  重复 -> 移入 _dupes: 87_江西省于都县人民医院新院区/012.jpg (≈ 003.jpg)
  重复 -> 移入 _dupes: 87_江西省于都县人民医院新院区/013.jpg (≈ 004.jpg)
  重复 -> 移入 _dupes: 87_江西省于都县人民医院新院区/014.jpg (≈ 005.jpg)
  重复 -> 移入 _dupes: 87_江西省于都县人民医院新院区/015.jpg (≈ 006.jpg)
  重复 -> 移入 _dupes: 87_江西省于都县人民医院新院区/016.jpg (≈ 007.jpg)
  重复 -> 移入 _dupes: 87_江西省于都县人民医院新院区/017.jpg (≈ 008.jpg)
  重复 -> 移入 _dupes: 88_吉安市中心人民医院（南北院区）/009.jpg (≈ 001.jpg)
  重复 -> 移入 _dupes: 88_吉安市中心人民医院（南北院区）/011.jpg (≈ 002.jpg)
  重复 -> 移入 _dupes: 88_吉安市中心人民医院（南北院区）/012.jpg (≈ 003.jpg)
  重复 -> 移入 _dupes: 88_吉安市中心人民医院（南北院区）/013.jpg (≈ 004.jpg)
  重复 -> 移入 _dupes: 88_吉安市中心人民医院（南北院区）/014.png (≈ 005.png)
  重复 -> 移入 _dupes: 88_吉安市中心人民医院（南北院区）/015.jpg (≈ 006.jpg)
  重复 -> 移入 _dupes: 88_吉安市中心人民医院（南北院区）/016.jpg (≈ 007.jpg)
  重复 -> 移入 _dupes: 88_吉安市中心人民医院（南北院区）/017.jpg (≈ 008.jpg)
  重复 -> 移入 _dupes: 89_上饶市中心医院•上饶市眼科医院（新院区）/008.jpg (≈ 001.jpg)
  重复 -> 移入 _dupes: 89_上饶市中心医院•上饶市眼科医院（新院区）/010.jpg (≈ 002.jpg)
  重复 -> 移入 _dupes: 89_上饶市中心医院•上饶市眼科医院（新院区）/011.jpg (≈ 003.jpg)
  重复 -> 移入 _dupes: 89_上饶市中心医院•上饶市眼科医院（新院区）/012.jpg (≈ 004.jpg)
  重复 -> 移入 _dupes: 89_上饶市中心医院•上饶市眼科医院（新院区）/013.jpg (≈ 005.jpg)
  重复 -> 移入 _dupes: 89_上饶市中心医院•上饶市眼科医院（新院区）/014.jpg (≈ 006.jpg)
  重复 -> 移入 _dupes: 89_上饶市中心医院•上饶市眼科医院（新院区）/015.jpg (≈ 007.jpg)
  重复 -> 移入 _dupes: 90_江西省级区域医疗中心（四）/009.png (≈ 001.png)
  重复 -> 移入 _dupes: 90_江西省级区域医疗中心（四）/011.jpg (≈ 002.jpg)
  重复 -> 移入 _dupes: 90_江西省级区域医疗中心（四）/012.jpg (≈ 003.jpg)
  重复 -> 移入 _dupes: 90_江西省级区域医疗中心（四）/013.png (≈ 004.png)
  重复 -> 移入 _dupes: 90_江西省级区域医疗中心（四）/014.jpg (≈ 005.jpg)
  重复 -> 移入 _dupes: 90_江西省级区域医疗中心（四）/015.jpg (≈ 006.jpg)
  重复 -> 移入 _dupes: 90_江西省级区域医疗中心（四）/016.jpg (≈ 007.jpg)
  重复 -> 移入 _dupes: 90_江西省级区域医疗中心（四）/017.jpg (≈ 008.jpg)
  重复 -> 移入 _dupes: 91_江西省级区域医疗中心（三）/009.jpg (≈ 001.jpg)
  重复 -> 移入 _dupes: 91_江西省级区域医疗中心（三）/011.jpg (≈ 002.jpg)
  重复 -> 移入 _dupes: 91_江西省级区域医疗中心（三）/012.jpg (≈ 003.jpg)
  重复 -> 移入 _dupes: 91_江西省级区域医疗中心（三）/013.jpg (≈ 004.jpg)
  重复 -> 移入 _dupes: 91_江西省级区域医疗中心（三）/014.jpg (≈ 005.jpg)
  重复 -> 移入 _dupes: 91_江西省级区域医疗中心（三）/015.jpg (≈ 006.jpg)
  重复 -> 移入 _dupes: 91_江西省级区域医疗中心（三）/016.jpg (≈ 007.jpg)
  重复 -> 移入 _dupes: 91_江西省级区域医疗中心（三）/017.jpg (≈ 008.jpg)
  重复 -> 移入 _dupes: 92_江西省级区域医疗中心（二）/009.jpg (≈ 001.jpg)
  重复 -> 移入 _dupes: 92_江西省级区域医疗中心（二）/011.jpg (≈ 002.jpg)
  重复 -> 移入 _dupes: 92_江西省级区域医疗中心（二）/012.jpg (≈ 003.jpg)
  重复 -> 移入 _dupes: 92_江西省级区域医疗中心（二）/013.jpg (≈ 004.jpg)
  重复 -> 移入 _dupes: 92_江西省级区域医疗中心（二）/014.jpg (≈ 005.jpg)
  重复 -> 移入 _dupes: 92_江西省级区域医疗中心（二）/015.jpg (≈ 006.jpg)
  重复 -> 移入 _dupes: 92_江西省级区域医疗中心（二）/016.jpg (≈ 007.jpg)
  重复 -> 移入 _dupes: 92_江西省级区域医疗中心（二）/017.jpg (≈ 008.jpg)
  重复 -> 移入 _dupes: 93_江西省级区域医疗中心（一）/010.jpg (≈ 001.jpg)
  重复 -> 移入 _dupes: 93_江西省级区域医疗中心（一）/012.jpg (≈ 002.jpg)
  重复 -> 移入 _dupes: 93_江西省级区域医疗中心（一）/013.jpg (≈ 003.jpg)
  重复 -> 移入 _dupes: 93_江西省级区域医疗中心（一）/014.jpg (≈ 004.jpg)
  重复 -> 移入 _dupes: 93_江西省级区域医疗中心（一）/015.jpg (≈ 005.jpg)
  重复 -> 移入 _dupes: 93_江西省级区域医疗中心（一）/016.jpg (≈ 006.jpg)
  重复 -> 移入 _dupes: 93_江西省级区域医疗中心（一）/017.jpg (≈ 007.jpg)
  重复 -> 移入 _dupes: 93_江西省级区域医疗中心（一）/018.jpg (≈ 008.jpg)
  重复 -> 移入 _dupes: 93_江西省级区域医疗中心（一）/019.png (≈ 009.png)
  重复 -> 移入 _dupes: 94_微信公众平台/007.png (≈ 001.png)
  重复 -> 移入 _dupes: 94_微信公众平台/009.jpg (≈ 002.jpg)
  重复 -> 移入 _dupes: 94_微信公众平台/010.jpg (≈ 003.jpg)
  重复 -> 移入 _dupes: 94_微信公众平台/011.jpg (≈ 004.jpg)
  重复 -> 移入 _dupes: 94_微信公众平台/012.jpg (≈ 005.jpg)
  重复 -> 移入 _dupes: 94_微信公众平台/013.jpg (≈ 006.jpg)
  重复 -> 移入 _dupes: 95_江西省转化医学研究院/018.png (≈ 001.png)
  重复 -> 移入 _dupes: 95_江西省转化医学研究院/020.png (≈ 002.png)
  重复 -> 移入 _dupes: 95_江西省转化医学研究院/021.png (≈ 003.png)
  重复 -> 移入 _dupes: 95_江西省转化医学研究院/022.png (≈ 004.png)
  重复 -> 移入 _dupes: 95_江西省转化医学研究院/023.jpg (≈ 005.jpg)
  重复 -> 移入 _dupes: 95_江西省转化医学研究院/024.jpg (≈ 006.jpg)
  重复 -> 移入 _dupes: 95_江西省转化医学研究院/025.jpg (≈ 007.jpg)
  重复 -> 移入 _dupes: 95_江西省转化医学研究院/026.jpg (≈ 008.jpg)
  重复 -> 移入 _dupes: 95_江西省转化医学研究院/027.jpg (≈ 009.jpg)
  重复 -> 移入 _dupes: 95_江西省转化医学研究院/028.jpg (≈ 010.jpg)
  重复 -> 移入 _dupes: 96_南昌大学附属口腔医院•江西省口腔医院/010.png (≈ 001.png)
  重复 -> 移入 _dupes: 96_南昌大学附属口腔医院•江西省口腔医院/012.png (≈ 002.png)
  重复 -> 移入 _dupes: 96_南昌大学附属口腔医院•江西省口腔医院/013.jpg (≈ 003.jpg)
  重复 -> 移入 _dupes: 96_南昌大学附属口腔医院•江西省口腔医院/014.jpg (≈ 004.jpg)
  重复 -> 移入 _dupes: 96_南昌大学附属口腔医院•江西省口腔医院/015.png (≈ 005.png)
  重复 -> 移入 _dupes: 96_南昌大学附属口腔医院•江西省口腔医院/016.jpg (≈ 006.jpg)
  重复 -> 移入 _dupes: 96_南昌大学附属口腔医院•江西省口腔医院/017.png (≈ 007.png)
  重复 -> 移入 _dupes: 96_南昌大学附属口腔医院•江西省口腔医院/018.jpg (≈ 008.jpg)
  重复 -> 移入 _dupes: 96_南昌大学附属口腔医院•江西省口腔医院/019.jpg (≈ 009.jpg)
  重复 -> 移入 _dupes: 97_井冈山大学附属医院•临床医学院（南院区）/009.jpg (≈ 001.jpg)
  重复 -> 移入 _dupes: 97_井冈山大学附属医院•临床医学院（南院区）/011.jpg (≈ 002.jpg)
  重复 -> 移入 _dupes: 97_井冈山大学附属医院•临床医学院（南院区）/012.jpg (≈ 003.jpg)
  重复 -> 移入 _dupes: 97_井冈山大学附属医院•临床医学院（南院区）/013.jpg (≈ 004.jpg)
  重复 -> 移入 _dupes: 97_井冈山大学附属医院•临床医学院（南院区）/014.jpg (≈ 005.jpg)
  重复 -> 移入 _dupes: 97_井冈山大学附属医院•临床医学院（南院区）/015.jpg (≈ 006.jpg)
  重复 -> 移入 _dupes: 97_井冈山大学附属医院•临床医学院（南院区）/016.jpg (≈ 007.jpg)
  重复 -> 移入 _dupes: 97_井冈山大学附属医院•临床医学院（南院区）/017.jpg (≈ 008.jpg)
  重复 -> 移入 _dupes: 98_上饶市人民医院/011.png (≈ 001.png)
  重复 -> 移入 _dupes: 98_上饶市人民医院/013.jpg (≈ 002.jpg)
  重复 -> 移入 _dupes: 98_上饶市人民医院/014.jpg (≈ 003.jpg)
  重复 -> 移入 _dupes: 98_上饶市人民医院/015.jpg (≈ 004.jpg)
  重复 -> 移入 _dupes: 98_上饶市人民医院/016.jpg (≈ 005.jpg)
  重复 -> 移入 _dupes: 98_上饶市人民医院/017.jpg (≈ 006.jpg)
  重复 -> 移入 _dupes: 98_上饶市人民医院/018.jpg (≈ 007.jpg)
  重复 -> 移入 _dupes: 98_上饶市人民医院/019.jpg (≈ 008.jpg)
  重复 -> 移入 _dupes: 98_上饶市人民医院/020.jpg (≈ 009.jpg)
  重复 -> 移入 _dupes: 98_上饶市人民医院/021.png (≈ 010.png)
  重复 -> 移入 _dupes: 99_北京丰台右安门医院/004.jpg (≈ 001.jpg)
  重复 -> 移入 _dupes: 99_北京丰台右安门医院/006.jpg (≈ 002.jpg)
  重复 -> 移入 _dupes: 99_北京丰台右安门医院/007.jpg (≈ 003.jpg)

保留 1649 张,本次移出重复 712 张,签名库累计 2824 条
