>>> https://mp.weixin.qq.com/s/-gWNG77hBxt7KDUSugbOyA
  [ok] 页面就绪
  HTML: C:\Users\18811\WorkBuddy\2026-09-30-16-56-05\医院项目档案库\_pages\page_1790778562354.html
  TITLE: 江西省修水县第一人民医院（良塘南院）
  DESC: 江西省修水县第一人民医院•九江学院第三附属医院（非直属附属医院）良塘南院
  IMGS: 8
>>> https://mp.weixin.qq.com/s/Ch68lQKulgm8hOj9f9-Pyg
  [ok] 页面就绪
  HTML: C:\Users\18811\WorkBuddy\2026-09-30-16-56-05\医院项目档案库\_pages\page_1790778566403.html
  TITLE: 国家区域医疗中心•武汉同济医院襄阳医院
  DESC: 国家区域医疗中心•华中科技大学同济医学院附属同济医院襄阳医院•襄阳市中心医院•湖北文理学院附属襄阳市中心医院（浩然院区）效果图与实景图
  IMGS: 9
>>> https://mp.weixin.qq.com/s/E6yu-MKBFZfSydS-VTE7cg
  [ok] 页面就绪
  HTML: C:\Users\18811\WorkBuddy\2026-09-30-16-56-05\医院项目档案库\_pages\page_1790778570266.html
  TITLE: 国家区域医疗中心•中南湘雅二医院桂林医院
  DESC: 国家区域医疗中心•中南大学湘雅二医院桂林医院•桂林市第二人民医院（临桂院区）
  IMGS: 12
>>> https://mp.weixin.qq.com/s/mo1JlJbRddNgU-8xipWKUg
  [ok] 页面就绪
  HTML: C:\Users\18811\WorkBuddy\2026-09-30-16-56-05\医院项目档案库\_pages\page_1790778573948.html
  TITLE: 国家区域医疗中心•武汉协和医院宜昌医院
  DESC: 国家区域医疗中心•华中科技大学同济医学院附属协和医院宜昌医院•宜昌市中心人民医院•三峡大学第一临床医学院•三峡大学附属中心人民医院（江南院区）效果图与一期实景图
  IMGS: 9
>>> https://mp.weixin.qq.com/s/uRW4-Awj4icUD22tGh4QiA
  [ok] 页面就绪
  HTML: C:\Users\18811\WorkBuddy\2026-09-30-16-56-05\医院项目档案库\_pages\page_1790778577889.html
  TITLE: 国家区域医疗中心•西安交大二附院洛阳医院
  DESC: 国家区域医疗中心•西安交通大学第二附属医院洛阳医院•洛阳市中心医院（伊滨院区）效果图与建设实景图
  IMGS: 9
>>> https://mp.weixin.qq.com/s/GXj5Q-ne30B-gtDWTvmPTA
  [ok] 页面就绪
  HTML: C:\Users\18811\WorkBuddy\2026-09-30-16-56-05\医院项目档案库\_pages\page_1790778581824.html
  TITLE: 西安市红会医院•西安市骨科研究所北院区
  DESC: 西安市红十字会医院•陕西省骨科医院•西安交通大学附属红会医院•西安医学院附属红会医院•西安市骨科研究所（北院区）
  IMGS: 16
>>> https://mp.weixin.qq.com/s/qq2B2fmWDLKI8XIHFCzyfQ
  [ok] 页面就绪
  HTML: C:\Users\18811\WorkBuddy\2026-09-30-16-56-05\医院项目档案库\_pages\page_1790778585720.html
  TITLE: 西安启迪儿童医院•西安市儿童医院高新院区
  DESC: 西安启迪儿童医院•西安医学院儿童医院•西安市儿童医院指导医院（西安市儿童医院高新院区）
  IMGS: 12
>>> https://mp.weixin.qq.com/s/UbXXks2IEEOj_iI4j0BZ_Q
  [ok] 页面就绪
  HTML: C:\Users\18811\WorkBuddy\2026-09-30-16-56-05\医院项目档案库\_pages\page_1790778589678.html
  TITLE: 国家儿童区域医疗中心•陕西省儿童医学中心
  DESC: 国家区域医疗中心•西安交通大学附属儿童医院•陕西省儿童医学中心•西安市儿童医院（经开院区）效果图与实景图
  IMGS: 19
>>> https://mp.weixin.qq.com/s/x_Xryy8aJjjFzq75W9ZTVQ
  [ok] 页面就绪
  HTML: C:\Users\18811\WorkBuddy\2026-09-30-16-56-05\医院项目档案库\_pages\page_1790778593651.html
  TITLE: 佛山市顺德区妇幼保健院（新院区）
  DESC: 广东医科大学顺德妇女儿童医院•佛山市顺德区妇幼保健院（新院区）效果图与建设实景图
  IMGS: 15
>>> https://mp.weixin.qq.com/s/nhnGbxvgIhTT_nNlq5TjeQ
  [ok] 页面就绪
  HTML: C:\Users\18811\WorkBuddy\2026-09-30-16-56-05\医院项目档案库\_pages\page_1790778597576.html
  TITLE: 国家区域医疗中心•北大人民医院青岛医院
  DESC: 国家区域医疗中心•北京大学人民医院青岛医院•青岛大学附属妇女儿童医院•青岛市妇女儿童医院•青岛市妇幼保健院•青岛大学第三医院（西海岸院区）效果图与建设实景图
  IMGS: 9
>>> https://mp.weixin.qq.com/s/C686U90EB16kakq2fPosbg
  [ok] 页面就绪
  HTML: C:\Users\18811\WorkBuddy\2026-09-30-16-56-05\医院项目档案库\_pages\page_1790778601502.html
  TITLE: 海南现代妇女儿童医院（秀英院区）
  DESC: 海南现代妇女儿童医院（秀英院区）效果图与实景图
  IMGS: 8
>>> https://mp.weixin.qq.com/s/J2Q6iVUXvwzB_nxmj9t9BQ
  [ok] 页面就绪
  HTML: C:\Users\18811\WorkBuddy\2026-09-30-16-56-05\医院项目档案库\_pages\page_1790778605484.html
  TITLE: 汕头市公共卫生医学中心•汕头市人民医院
  DESC: 汕头市公共卫生医学中心•汕头市人民医院新院区（效果图与实景图）
  IMGS: 16
>>> https://mp.weixin.qq.com/s/ZSINz8-7II09G7hYIAjpgg
  [ok] 页面就绪
  HTML: C:\Users\18811\WorkBuddy\2026-09-30-16-56-05\医院项目档案库\_pages\page_1790778609381.html
  TITLE: 省级区域医疗中心汕头市中心医院东海岸院区
  DESC: 广东省省级区域医疗中心•汕头市中心医院东海岸院区效果图与建设实景图（重大疫情救治基地）
  IMGS: 11
>>> https://mp.weixin.qq.com/s/dpy6YCFKU8eUInpCE048ZA
  [ok] 页面就绪
  HTML: C:\Users\18811\WorkBuddy\2026-09-30-16-56-05\医院项目档案库\_pages\page_1790778613278.html
  TITLE: 省级区域医疗中心•淄博市中心医院西院区
  DESC: 山东省省级区域医疗中心•淄博市中心医院（西院区）
  IMGS: 12
>>> https://mp.weixin.qq.com/s/AcEOZoCX3EIBrmX2UI1MdQ
  [ok] 页面就绪
  HTML: C:\Users\18811\WorkBuddy\2026-09-30-16-56-05\医院项目档案库\_pages\page_1790778617266.html
  TITLE: 四川大学华西医院（锦江院区）
  DESC: 四川大学华西医院（锦江院区）
  IMGS: 9
>>> https://mp.weixin.qq.com/s/WmtDcKVXHmpBP1oEMhrhyQ
  [ok] 页面就绪
  HTML: C:\Users\18811\WorkBuddy\2026-09-30-16-56-05\医院项目档案库\_pages\page_1790778621242.html
  TITLE: 重庆大学附属中心医院（科学城院区）
  DESC: 重庆大学附属中心医院•重庆市急救医疗中心•重庆市第四人民医院（科学城院区）
  IMGS: 10
>>> https://mp.weixin.qq.com/s/iD8_JdedzF4_S6tYB9e9yg
  [ok] 页面就绪
  HTML: C:\Users\18811\WorkBuddy\2026-09-30-16-56-05\医院项目档案库\_pages\page_1790778625225.html
  TITLE: 国家儿童区域医疗中心广州妇儿中心南沙院区
  DESC: 国家儿童区域医疗中心•广州医科大学附属妇女儿童医疗中心•广州市妇女儿童医疗中心•广州市妇幼保健院•广州市儿童医院•广州市妇婴医院（南沙院区）
  IMGS: 10
>>> https://mp.weixin.qq.com/s/1DCWJUVz6SXrPHBgoAdM8w
  [ok] 页面就绪
  HTML: C:\Users\18811\WorkBuddy\2026-09-30-16-56-05\医院项目档案库\_pages\page_1790778629274.html
  TITLE: 中山大学附属第一医院（南沙院区）
  DESC: 中山大学附属第一医院（南沙院区）效果图与实景图
  IMGS: 20
>>> https://mp.weixin.qq.com/s/ab6-BnqK8M0X7lvYJMXvhQ
  [ok] 页面就绪
  HTML: C:\Users\18811\WorkBuddy\2026-09-30-16-56-05\医院项目档案库\_pages\page_1790778633230.html
  TITLE: 桂林医科大学第一附属医院（漓东院区）
  DESC: 桂林医科大学第一附属医院•桂林医科大学第一临床医学院（漓东院区）
  IMGS: 15
>>> https://mp.weixin.qq.com/s/2CkLgZP9EArBTUg_bkn-Vg
  [ok] 页面就绪
  HTML: C:\Users\18811\WorkBuddy\2026-09-30-16-56-05\医院项目档案库\_pages\page_1790778637169.html
  TITLE: 江西省瑞金市妇幼保健院（新院区）
  DESC: 江西省瑞金市妇幼保健院•瑞金市妇女儿童医院（新院区）
  IMGS: 9
>>> https://mp.weixin.qq.com/s/Yl-CWnUPzHsJOanGcVTR3w
  [ok] 页面就绪
  HTML: C:\Users\18811\WorkBuddy\2026-09-30-16-56-05\医院项目档案库\_pages\page_1790778641152.html
  TITLE: 国家区域医疗中心•江西省妇女儿童医学中心
  DESC: 国家区域医疗中心•重庆医科大学附属儿童江西医院•江西省妇女儿童医学中心（原江西省妇幼保健院与原江西省儿童医院合并组建成立江西省妇女儿童医学中心）九龙湖院区与红谷滩院区
  IMGS: 12
>>> https://mp.weixin.qq.com/s/1hX2A4aaKmIcYqczUCFi4Q
  [ok] 页面就绪
  HTML: C:\Users\18811\WorkBuddy\2026-09-30-16-56-05\医院项目档案库\_pages\page_1790778645198.html
  TITLE: 国家区域医疗中心•广医附一医院娄底医院
  DESC: 国家区域医疗中心•广州医科大学附属第一医院娄底医院•娄底市中心医院新院区
  IMGS: 10
>>> https://mp.weixin.qq.com/s/-WsmXZr2GFxwAZNW-yUayQ
  [ok] 页面就绪
  HTML: C:\Users\18811\WorkBuddy\2026-09-30-16-56-05\医院项目档案库\_pages\page_1790778649229.html
  TITLE: 国家区域医疗中心•中山大学附一院贵州医院
  DESC: 国家区域医疗中心•中山大学附属第一医院贵州医院•贵州医科大学附属医院贵安院区
  IMGS: 7
>>> https://mp.weixin.qq.com/s/jExCaW9ovP4mXqgpEl2UYg
  [ok] 页面就绪
  HTML: C:\Users\18811\WorkBuddy\2026-09-30-16-56-05\医院项目档案库\_pages\page_1790778653207.html
  TITLE: 江西省瑞金市人民医院新院区
  DESC: 江西省瑞金市人民医院新院区（效果图与实景图）
  IMGS: 11
>>> https://mp.weixin.qq.com/s/1FbYsZ9nXUmqjVe31RLPjg
  [ok] 页面就绪
  HTML: C:\Users\18811\WorkBuddy\2026-09-30-16-56-05\医院项目档案库\_pages\page_1790778657122.html
  TITLE: 国家区域医疗中心•北京积水潭医院贵州医院
  DESC: 国家区域医疗中心•北京积水潭医院贵州医院•贵州省骨科医院•贵州省康复医学中心（白云院区）•贵州医科大学附属骨科医院
  IMGS: 17
>>> https://mp.weixin.qq.com/s/ODDqQjMvb-Opyt053DP57Q
  [ok] 页面就绪
  HTML: C:\Users\18811\WorkBuddy\2026-09-30-16-56-05\医院项目档案库\_pages\page_1790778661053.html
  TITLE: 蚌埠医科大学第一附属医院新院区
  DESC: 国家区域医疗中心•浙江大学医学院附属第二医院安徽医院•蚌埠医科大学第一附属医院心脑血管中心院区
  IMGS: 20
>>> https://mp.weixin.qq.com/s/T6ZWL6lGNn5pJtuDYFCkmQ
  [ok] 页面就绪
  HTML: C:\Users\18811\WorkBuddy\2026-09-30-16-56-05\医院项目档案库\_pages\page_1790778664975.html
  TITLE: 安徽医科大学第一附属医院（南区）
  DESC: 安徽医科大学第一附属医院（南区）•合肥市肥西县人民医院新院区
  IMGS: 7
>>> https://mp.weixin.qq.com/s/oPHAeu677vNDrzPBzUMQiw
  [ok] 页面就绪
  HTML: C:\Users\18811\WorkBuddy\2026-09-30-16-56-05\医院项目档案库\_pages\page_1790778668888.html
  TITLE: 温州医科大学附属第一医院（南白象院区）
  DESC: 温州医科大学附属第一医院（南白象院区）•浙江省卫健委直属医院
  IMGS: 9
>>> https://mp.weixin.qq.com/s/r4zmTEU-sTL5oktA4g59vQ
  [ok] 页面就绪
  HTML: C:\Users\18811\WorkBuddy\2026-09-30-16-56-05\医院项目档案库\_pages\page_1790778672938.html
  TITLE: 九江学院附属口腔医院•九江市口腔医院
  DESC: 九江学院附属口腔医院•九江市口腔医院（效果图与实景图）
  IMGS: 9
>>> https://mp.weixin.qq.com/s/_p8wyeP8EWhTMdlIQRfpmg
  [ok] 页面就绪
  HTML: C:\Users\18811\WorkBuddy\2026-09-30-16-56-05\医院项目档案库\_pages\page_1790778676827.html
  TITLE: 九江学院第二附属医院
  DESC: 九江学院第二附属医院效果图与实景图
  IMGS: 17
>>> https://mp.weixin.qq.com/s/wG8_M0rFpZZ9o729kj806A
  [ok] 页面就绪
  HTML: C:\Users\18811\WorkBuddy\2026-09-30-16-56-05\医院项目档案库\_pages\page_1790778680816.html
  TITLE: 浙江大学医学院附属邵逸夫医院绍兴院区
  DESC: 浙江大学医学院附属邵逸夫医院绍兴院区效果图与实景图
  IMGS: 20
>>> https://mp.weixin.qq.com/s/jHDjJlbsyFMGX_9eDGDEtA
  [ok] 页面就绪
  HTML: C:\Users\18811\WorkBuddy\2026-09-30-16-56-05\医院项目档案库\_pages\page_1790778684764.html
  TITLE: 福建医科大学孟超肝胆医院（金山院区）
  DESC: 福建医科大学孟超肝胆医院•福建医科大学吴孟超纪念医院•国家重大传染病防治基地•福建省肝胆医学中心•福建省感染病诊疗中心和质控中心•福建省肝病科学研究中心•福州市传染病医院（金山院区）
  IMGS: 20
>>> https://mp.weixin.qq.com/s/TjUkmu-gsEpONf9pFjWHsA
  [ok] 页面就绪
  HTML: C:\Users\18811\WorkBuddy\2026-09-30-16-56-05\医院项目档案库\_pages\page_1790778688704.html
  TITLE: 兴国县人民医院（新院区）
  DESC: 赣南医科大学附属兴国医院•兴国县人民医院（新院区）
  IMGS: 9
>>> https://mp.weixin.qq.com/s/EtRN-dpQ5tCDnLBHNC1v-w
  [ok] 页面就绪
  HTML: C:\Users\18811\WorkBuddy\2026-09-30-16-56-05\医院项目档案库\_pages\page_1790778692729.html
  TITLE: 浙江大学医学院附属第二医院萧山总部
  DESC: 浙江大学医学院附属第二医院萧山总部（萧山院区）效果图与实景图
  IMGS: 20
>>> https://mp.weixin.qq.com/s/xpBcfIiWFXpQjixNciCp6Q
  [ok] 页面就绪
  HTML: C:\Users\18811\WorkBuddy\2026-09-30-16-56-05\医院项目档案库\_pages\page_1790778696796.html
  TITLE: 江西省于都县人民医院新院区
  DESC: 国家标准化胸部微创诊疗中心•赣南医科大学附属于都医院•江西省于都县人民医院（新院区）
  IMGS: 8
>>> https://mp.weixin.qq.com/s/rzMsTtIpLQe5QMbIZKncoQ
  [ok] 页面就绪
  HTML: C:\Users\18811\WorkBuddy\2026-09-30-16-56-05\医院项目档案库\_pages\page_1790778700813.html
  TITLE: 吉安市中心人民医院（南北院区）
  DESC: 上海市东方医院吉安医院•吉安市中心人民医院（南北院区）
  IMGS: 8
>>> https://mp.weixin.qq.com/s/1i7enDtjI3g0TfiVwvFaBg
  [ok] 页面就绪
  HTML: C:\Users\18811\WorkBuddy\2026-09-30-16-56-05\医院项目档案库\_pages\page_1790778704874.html
  TITLE: 上饶市中心医院•上饶市眼科医院（新院区）
  DESC: 上饶市中心医院•上饶市眼科医院•江西医学高等专科学校第一附属医院（第一临床医学院）•江西医学高等专科学校附属眼科医院•南昌大学第二附属医院上饶医学中心
  IMGS: 7
>>> https://mp.weixin.qq.com/s/9QgWHLOwgTBEWqlM-dB5cg
  [ok] 页面就绪
  HTML: C:\Users\18811\WorkBuddy\2026-09-30-16-56-05\医院项目档案库\_pages\page_1790778708899.html
  TITLE: 江西省级区域医疗中心（四）
  DESC: 江西省级区域医疗中心•抚州市第一人民医院（抚州医药学院第一附属医院）
  IMGS: 8
>>> https://mp.weixin.qq.com/s/mR8KoZTHtu-DUcFCXO_AMg
  [ok] 页面就绪
  HTML: C:\Users\18811\WorkBuddy\2026-09-30-16-56-05\医院项目档案库\_pages\page_1790778712906.html
  TITLE: 江西省级区域医疗中心（三）
  DESC: 江西省级区域医疗中心•宜春市人民医院（宜春学院附属医院•南昌大学附属宜春医院）
  IMGS: 8
>>> https://mp.weixin.qq.com/s/iITgHahi7xCmBE146GvrNA
  [ok] 页面就绪
  HTML: C:\Users\18811\WorkBuddy\2026-09-30-16-56-05\医院项目档案库\_pages\page_1790778716987.html
  TITLE: 江西省级区域医疗中心（二）
  DESC: 江西省级区域医疗中心•井冈山大学附属医院（省直属医院）
  IMGS: 8
>>> https://mp.weixin.qq.com/s/Jwkh0d-dfJv7dCAa4LyzDw
  [ok] 页面就绪
  HTML: C:\Users\18811\WorkBuddy\2026-09-30-16-56-05\医院项目档案库\_pages\page_1790778720926.html
  TITLE: 江西省级区域医疗中心（一）
  DESC: 江西省级区域医疗中心•九江学院附属医院
  IMGS: 9
>>> https://mp.weixin.qq.com/s/IlO7iNrtc99tXzFFZH7x-Q
  [ok] 页面就绪
  HTML: C:\Users\18811\WorkBuddy\2026-09-30-16-56-05\医院项目档案库\_pages\page_1790778724856.html
  TITLE: 微信公众平台
  DESC: 国家区域医疗中心•中南大学湘雅医院江西医院•江西省人民医院•南昌医学院第一附属医院（红谷滩院区和爱国路院区）
  IMGS: 6
>>> https://mp.weixin.qq.com/s/Z9EgVZkEO5K5KWPcafZ_5g
  [ok] 页面就绪
  HTML: C:\Users\18811\WorkBuddy\2026-09-30-16-56-05\医院项目档案库\_pages\page_1790778728773.html
  TITLE: 江西省转化医学研究院
  DESC: 江西省转化医学研究院效果图与实景图
  IMGS: 17
>>> https://mp.weixin.qq.com/s/hlXiIbEBG5KfUirafVpBCQ
  [ok] 页面就绪
  HTML: C:\Users\18811\WorkBuddy\2026-09-30-16-56-05\医院项目档案库\_pages\page_1790778732710.html
  TITLE: 南昌大学附属口腔医院•江西省口腔医院
  DESC: 南昌大学附属口腔医院•江西省口腔医院（红谷滩院区）效果图与实景图
  IMGS: 9
>>> https://mp.weixin.qq.com/s/osvh9DXA-tUEUkp85a_6_g
  [ok] 页面就绪
  HTML: C:\Users\18811\WorkBuddy\2026-09-30-16-56-05\医院项目档案库\_pages\page_1790778736684.html
  TITLE: 井冈山大学附属医院•临床医学院（南院区）
  DESC: 江西省省级区域医疗中心•井冈山大学附属医院•井冈山大学临床医学院（全科医生培养基地）•江西省卫健委直管医院
  IMGS: 8
>>> https://mp.weixin.qq.com/s/m5Fmm5uESvOJblO3dfyfkw
  [ok] 页面就绪
  HTML: C:\Users\18811\WorkBuddy\2026-09-30-16-56-05\医院项目档案库\_pages\page_1790778740641.html
  TITLE: 上饶市人民医院
  DESC: 上饶市人民城北院区和水南院区
  IMGS: 10
>>> https://mp.weixin.qq.com/s/mmGJ3BHAqaIEYMagY5z6pg
  [ok] 页面就绪
  HTML: C:\Users\18811\WorkBuddy\2026-09-30-16-56-05\医院项目档案库\_pages\page_1790778744609.html
  TITLE: 北京丰台右安门医院
  DESC: 北京丰台右安门医院
  IMGS: 3
>>> https://mp.weixin.qq.com/s/yChc2Dz763rjwKz4aNToBw
  [ok] 页面就绪
  HTML: C:\Users\18811\WorkBuddy\2026-09-30-16-56-05\医院项目档案库\_pages\page_1790778748622.html
  TITLE: 江苏省苏北人民医院
  DESC: 江苏省苏北人民医院•扬州大学附属苏北人民医院
  IMGS: 6
>>> https://mp.weixin.qq.com/s/okJYSGFp2O1nOjUOmLLaYg
  [ok] 页面就绪
  HTML: C:\Users\18811\WorkBuddy\2026-09-30-16-56-05\医院项目档案库\_pages\page_1790778752559.html
  TITLE: 北京电力医院
  DESC: 北京电力医院
  IMGS: 5
>>> https://mp.weixin.qq.com/s/u1HOy_99UfsmgLUZ9A3cog
  [ok] 页面就绪
  HTML: C:\Users\18811\WorkBuddy\2026-09-30-16-56-05\医院项目档案库\_pages\page_1790778756516.html
  TITLE: 浙江大学医学院附属第一医院总部一期
  DESC: 浙江大学医学院附属第一医院总部一期（余杭院区）•浙江省第一医院•浙江大学第一医院
  IMGS: 20
>>> https://mp.weixin.qq.com/s/zil_tnzk9JKm5EOql6nf_Q
  [ok] 页面就绪
  HTML: C:\Users\18811\WorkBuddy\2026-09-30-16-56-05\医院项目档案库\_pages\page_1790778760355.html
  TITLE: 浙江大学医学院附属妇产科医院湖滨院区
  DESC: 浙江大学医学院附属妇产科医院（浙江省妇女医院•浙江省妇女保健院）湖滨院区
  IMGS: 3
>>> https://mp.weixin.qq.com/s/6I9nRQ3DqEuiktrmJDdTvw
  [ok] 页面就绪
  HTML: C:\Users\18811\WorkBuddy\2026-09-30-16-56-05\医院项目档案库\_pages\page_1790778764285.html
  TITLE: 赣州市妇幼保健院•赣州市儿童医院
  DESC: 赣州市妇女儿童医疗中心•赣州市妇女儿童保健中心•赣州市妇幼保健院•赣州市儿童医院
  IMGS: 20
>>> https://mp.weixin.qq.com/s/q_oX1ksBoPokl6iNUN1i7Q
  [ok] 页面就绪
  HTML: C:\Users\18811\WorkBuddy\2026-09-30-16-56-05\医院项目档案库\_pages\page_1790778768307.html
  TITLE: 浙江大学医学院附属第一医院总部一期
  DESC: 浙江大学医学院附属第一医院总部一期（余杭院区）
  IMGS: 20
>>> https://mp.weixin.qq.com/s/_fkwlC5kC9bMYSEBamtW4g
  [ok] 页面就绪
  HTML: C:\Users\18811\WorkBuddy\2026-09-30-16-56-05\医院项目档案库\_pages\page_1790778772237.html
  TITLE: 浙江大学医学院附属第一医院总部一期
  DESC: 浙江大学医学院附属第一医院总部一期（余杭院区）•浙江省第一医院•浙江大学第一医院
  IMGS: 20
>>> https://mp.weixin.qq.com/s/qu_DeU9q9L2Jg6gFb_6yFg
  [ok] 页面就绪
  HTML: C:\Users\18811\WorkBuddy\2026-09-30-16-56-05\医院项目档案库\_pages\page_1790778776190.html
  TITLE: 国家区域医疗中心•南方医院赣州医院
  DESC: 国家区域医疗中心•南方医科大学南方医院赣州医院•赣州市人民医院（梅关院区）
  IMGS: 20
>>> https://mp.weixin.qq.com/s/DF81CKzC0LHzdepE4Pi4rQ
  [ok] 页面就绪
  HTML: C:\Users\18811\WorkBuddy\2026-09-30-16-56-05\医院项目档案库\_pages\page_1790778780154.html
  TITLE: 国家区域医疗中心•赣州市人民医院梅关院区
  DESC: 国家区域医疗中心•南方医科大学南方医院赣州医院•赣州市人民医院（梅关院区）
  IMGS: 20
>>> https://mp.weixin.qq.com/s/MHhcwcAeAvDjEhTKORiRgQ
  [ok] 页面就绪
  HTML: C:\Users\18811\WorkBuddy\2026-09-30-16-56-05\医院项目档案库\_pages\page_1790778784113.html
  TITLE: 呼伦贝尔市蒙医医院总院
  DESC: 呼伦贝尔市蒙医医院总院
  IMGS: 7
>>> https://mp.weixin.qq.com/s/hKJ_B2s28cQVFx-SaAY-Dw
  [ok] 页面就绪
  HTML: C:\Users\18811\WorkBuddy\2026-09-30-16-56-05\医院项目档案库\_pages\page_1790778788050.html
  TITLE: 德格县人民医院•德格县医共体总院
  DESC: 德格县人民医院•德格县医共体总院
  IMGS: 5
>>> https://mp.weixin.qq.com/s/VYn1lCNoeiasYsp013WS6A
  [ok] 页面就绪
  HTML: C:\Users\18811\WorkBuddy\2026-09-30-16-56-05\医院项目档案库\_pages\page_1790778792009.html
  TITLE: 天津市胸科医院和平院区
  DESC: 天津市胸科医院（天津大学胸科医院•南开大学附属胸科医院•天津医科大学胸科临床学院）和平院区
  IMGS: 1
>>> https://mp.weixin.qq.com/s/rsR9QYRj4sA7Z0I-O9m6-w
  [ok] 页面就绪
  HTML: C:\Users\18811\WorkBuddy\2026-09-30-16-56-05\医院项目档案库\_pages\page_1790778796021.html
  TITLE: 杭州市儿童医院
  DESC: 杭州市儿童医院•杭州市妇女儿童医疗集团朝晖院区•上海交通大学医学院附属新华医院杭州市儿童医院
  IMGS: 6
>>> https://mp.weixin.qq.com/s/95LD8hI19e9esdTc0zuSXw
  [ok] 页面就绪
  HTML: C:\Users\18811\WorkBuddy\2026-09-30-16-56-05\医院项目档案库\_pages\page_1790778799928.html
  TITLE: 武汉大学人民医院•湖北省人民医院
  DESC: 武汉大学人民医院•湖北省人民医院
  IMGS: 4
>>> https://mp.weixin.qq.com/s/1YpCreebnTQXkgRR04IFtA
  [ok] 页面就绪
  HTML: C:\Users\18811\WorkBuddy\2026-09-30-16-56-05\医院项目档案库\_pages\page_1790778803862.html
  TITLE: 贵州退休医师医院
  DESC: 贵州退休医师医院
  IMGS: 2
>>> https://mp.weixin.qq.com/s/rdY8QSvguR3QR75Le51CcA
  [ok] 页面就绪
  HTML: C:\Users\18811\WorkBuddy\2026-09-30-16-56-05\医院项目档案库\_pages\page_1790778807792.html
  TITLE: 贵州省人民医院
  DESC: 贵州省人民医院
  IMGS: 8
>>> https://mp.weixin.qq.com/s/MAPemZDTsx0HKMEpDcX_Yg
  [ok] 页面就绪
  HTML: C:\Users\18811\WorkBuddy\2026-09-30-16-56-05\医院项目档案库\_pages\page_1790778811768.html
  TITLE: 南康区第一人民医院
  DESC: 赣南医科大学第一附属医院南康院区•南康区第一人民医院
  IMGS: 3
>>> https://mp.weixin.qq.com/s/Pn0Ojeg42xaa8upBbTB22g
  [ok] 页面就绪
  HTML: C:\Users\18811\WorkBuddy\2026-09-30-16-56-05\医院项目档案库\_pages\page_1790778815729.html
  TITLE: 徐州市肿瘤医院（徐州市第三人民医院）
  DESC: 徐州市第三人民医院•徐州市肿瘤医院•徐州市职业病医院•江苏大学附属徐州医院•南京医科大学教学医院•徐州医科大学教学医院•中国预防医学科学院国家中毒控制中心徐州医院
  IMGS: 3
>>> https://mp.weixin.qq.com/s/25Jzp4alRGiMLduiCFHfKA
  [ok] 页面就绪
  HTML: C:\Users\18811\WorkBuddy\2026-09-30-16-56-05\医院项目档案库\_pages\page_1790778819665.html
  TITLE: 大连医科大学附属第一医院长春路院区
  DESC: 大连医科大学附属第一医院长春路院区
  IMGS: 9
>>> https://mp.weixin.qq.com/s/tmhyQUA6zEKGN3rA-uObzQ
  [ok] 页面就绪
  HTML: C:\Users\18811\WorkBuddy\2026-09-30-16-56-05\医院项目档案库\_pages\page_1790778823616.html
  TITLE: 吉林大学口腔医院
  DESC: 吉林大学白求恩口腔医学院•吉林大学口腔医院•吉林省口腔医院
  IMGS: 4
>>> https://mp.weixin.qq.com/s/UjklDyKb-Di6ky9E2MvObQ
  [ok] 页面就绪
  HTML: C:\Users\18811\WorkBuddy\2026-09-30-16-56-05\医院项目档案库\_pages\page_1790778827525.html
  TITLE: 吉林大学中日联谊医院新民院区
  DESC: 吉林大学中日联谊医院新民院区
  IMGS: 9
>>> https://mp.weixin.qq.com/s/ThPlu17RqMm7lJM8s0ySTg
  [ok] 页面就绪
  HTML: C:\Users\18811\WorkBuddy\2026-09-30-16-56-05\医院项目档案库\_pages\page_1790778831438.html
  TITLE: 扬州大学附属医院
  DESC: 扬州大学附属医院（扬州市第一人民医院）西院和东院
  IMGS: 10
>>> https://mp.weixin.qq.com/s/zh7r20dpP0RzWfnD6h8OUA
  [ok] 页面就绪
  HTML: C:\Users\18811\WorkBuddy\2026-09-30-16-56-05\医院项目档案库\_pages\page_1790778835446.html
  TITLE: 江苏省苏北人民医院
  DESC: 江苏省苏北人民医院（扬州大学附属苏北人民医院）
  IMGS: 13
>>> https://mp.weixin.qq.com/s/eS1gAelFbjddgPVydN-k1w
  [ok] 页面就绪
  HTML: C:\Users\18811\WorkBuddy\2026-09-30-16-56-05\医院项目档案库\_pages\page_1790778839447.html
  TITLE: 福建医科大学附属协和医院
  DESC: 福建医科大学附属协和医院
  IMGS: 3
>>> https://mp.weixin.qq.com/s/gMEhoHlksyYj_FUSH7meEw
  [ok] 页面就绪
  HTML: C:\Users\18811\WorkBuddy\2026-09-30-16-56-05\医院项目档案库\_pages\page_1790778843449.html
  TITLE: 杭州市第一人民医院
  DESC: 西湖大学医学院附属杭州市第一人民医院•浙江中医药大学第四临床医学院•杭州市消化病医院
  IMGS: 5
>>> https://mp.weixin.qq.com/s/UG2B9tdNoputXci_HNTTPQ
  [ok] 页面就绪
  HTML: C:\Users\18811\WorkBuddy\2026-09-30-16-56-05\医院项目档案库\_pages\page_1790778847356.html
  TITLE: 杭州市临安区第三人民医院
  DESC: 杭州市临安区第三人民医院
  IMGS: 9
>>> https://mp.weixin.qq.com/s/fOGEMIMA7JP4VE-DEPvF2g
  [ok] 页面就绪
  HTML: C:\Users\18811\WorkBuddy\2026-09-30-16-56-05\医院项目档案库\_pages\page_1790778851384.html
  TITLE: 杭州市余杭区第三人民医院
  DESC: 杭州市余杭区第三人民医院•杭州市第一人民医院医院集团瓶窑院区
  IMGS: 20
>>> https://mp.weixin.qq.com/s/KDBlWvvy7L1M3QLNsYSjEg
  [ok] 页面就绪
  HTML: C:\Users\18811\WorkBuddy\2026-09-30-16-56-05\医院项目档案库\_pages\page_1790778855425.html
  TITLE: 重庆医科大学附属第二医院
  DESC: 重庆医科大学附属第二医院•重庆医科大学第二临床医学院
  IMGS: 11
>>> https://mp.weixin.qq.com/s/aYX1oC7mBM3wukbb0tqQYQ
  [ok] 页面就绪
  HTML: C:\Users\18811\WorkBuddy\2026-09-30-16-56-05\医院项目档案库\_pages\page_1790778859387.html
  TITLE: 重庆医科大学附属儿童医院
  DESC: 重庆医科大学附属儿童医院
  IMGS: 10
>>> https://mp.weixin.qq.com/s/R0ovYQHnS0t3AUvDgj2u4Q
  [ok] 页面就绪
  HTML: C:\Users\18811\WorkBuddy\2026-09-30-16-56-05\医院项目档案库\_pages\page_1790778863357.html
  TITLE: 宁波市第七医院•镇海区人民医院
  DESC: 宁波市第七医院•镇海区人民医院医疗集团总院•镇海区人民医院
  IMGS: 10
>>> https://mp.weixin.qq.com/s/SedOpYlDX1CBwOtIyuqX8Q
  [ok] 页面就绪
  HTML: C:\Users\18811\WorkBuddy\2026-09-30-16-56-05\医院项目档案库\_pages\page_1790778867233.html
  TITLE: 嘉善县第一人民医院•浙医二院嘉善分院
  DESC: 嘉善县第一人民医院•浙江大学医学院附属第二医院嘉善分院
  IMGS: 16
>>> https://mp.weixin.qq.com/s/1_D-gmngqSNwkWGtc7n0_w
  [ok] 页面就绪
  HTML: C:\Users\18811\WorkBuddy\2026-09-30-16-56-05\医院项目档案库\_pages\page_1790778871215.html
  TITLE: 烟台毓璜顶医院
  DESC: 山东省区域医疗中心•烟台毓璜顶医院•青岛大学医学院附属烟台毓璜顶医院
  IMGS: 18
>>> https://mp.weixin.qq.com/s/GxXJ_P_ust7O-MCc8fRP_Q
  [ok] 页面就绪
  HTML: C:\Users\18811\WorkBuddy\2026-09-30-16-56-05\医院项目档案库\_pages\page_1790778875240.html
  TITLE: 山东大学齐鲁医院
  DESC: 山东大学齐鲁医院
  IMGS: 15
>>> https://mp.weixin.qq.com/s/U5Z4o1d-RN2d_Wy-KRRXnQ
  [ok] 页面就绪
  HTML: C:\Users\18811\WorkBuddy\2026-09-30-16-56-05\医院项目档案库\_pages\page_1790778879176.html
  TITLE: 山东大学附属儿童医院•济南市儿童医院
  DESC: 山东大学附属儿童医院•济南市儿童医院
  IMGS: 2
>>> https://mp.weixin.qq.com/s/TWW5y9yLHIBq68Kbw4LznQ
  [ok] 页面就绪
  HTML: C:\Users\18811\WorkBuddy\2026-09-30-16-56-05\医院项目档案库\_pages\page_1790778883156.html
  TITLE: 苏州大学附属第一医院平江院区
  DESC: 国家血液系统疾病临床医学研究中心•苏州大学附属第一医院（苏州市第一人民医院）总院
  IMGS: 15
>>> https://mp.weixin.qq.com/s/wj88FKviPrtq_rCWlSXKDA
  [ok] 页面就绪
  HTML: C:\Users\18811\WorkBuddy\2026-09-30-16-56-05\医院项目档案库\_pages\page_1790778887092.html
  TITLE: 苏州大学附属第一医院总院
  DESC: 苏州大学附属第一医院（苏州市第一人民医院）总院（平江院区）•国家血液系统疾病临床医学研究中心
  IMGS: 20
>>> https://mp.weixin.qq.com/s/MUpSf_rOo_ZeiJ0CSu0vRw
  [ok] 页面就绪
  HTML: C:\Users\18811\WorkBuddy\2026-09-30-16-56-05\医院项目档案库\_pages\page_1790778890970.html
  TITLE: 四川省骨科医院
  DESC: 四川省骨科医院•成都体育医院•成都运动创伤研究所
  IMGS: 11
>>> https://mp.weixin.qq.com/s/Ryn7TH1VkmUxS7yBIxkbVA
  [ok] 页面就绪
  HTML: C:\Users\18811\WorkBuddy\2026-09-30-16-56-05\医院项目档案库\_pages\page_1790778895060.html
  TITLE: 四川省医学科学院•四川省人民医院
  DESC: 四川省医学科学院•四川省人民医院•中国科学院四川转化医学研究院•电子科技大学临床医学院
  IMGS: 12
DONE
