>>> https://mp.weixin.qq.com/s/K88NtIzn1sF5plMCsrqwpw
  [ok] 页面就绪
  HTML: C:\Users\18811\WorkBuddy\2026-09-30-16-56-05\医院项目档案库\_pages\page_1790776613601.html
  TITLE: 国家区域医疗中心•中日友好医院黑龙江医院
  DESC: 国家区域医疗中心•中日友好医院黑龙江医院•哈尔滨医科大学附属第二医院/第二临床医学院（效果图与建设实景图）
  IMGS: 7
>>> https://mp.weixin.qq.com/s/Bsi3wK9h10Wc526WKEfCIQ
  [ok] 页面就绪
  HTML: C:\Users\18811\WorkBuddy\2026-09-30-16-56-05\医院项目档案库\_pages\page_1790776617446.html
  TITLE: 国家区域医疗中心•医科院肿瘤医院辽宁医院
  DESC: 国家区域医疗中心•中国医学科学院肿瘤医院辽宁医院•中国医科大学附属第一医院（浑南院区）效果图与部分实景图
  IMGS: 8
>>> https://mp.weixin.qq.com/s/wDiYrwCeJKMcBaGh72bHvw
  [ok] 页面就绪
  HTML: C:\Users\18811\WorkBuddy\2026-09-30-16-56-05\医院项目档案库\_pages\page_1790776621339.html
  TITLE: 国家区域医疗中心•北大肿瘤医院内蒙古医院
  DESC: 国家区域医疗中心•北京大学肿瘤医院内蒙古医院•内蒙古自治区肿瘤医院（内蒙古医科大学附属肿瘤医院）一期实景图和二期效果图
  IMGS: 6
>>> https://mp.weixin.qq.com/s/DFKPItDxTMdrR9cavPxtaw
  [ok] 页面就绪
  HTML: C:\Users\18811\WorkBuddy\2026-09-30-16-56-05\医院项目档案库\_pages\page_1790776625066.html
  TITLE: 国家区域医疗中心•北京友谊医院内蒙古医院
  DESC: 国家区域医疗中心•首都医科大学附属北京友谊医院内蒙古医院•内蒙古自治区人民医院（新院区）效果图
  IMGS: 3
>>> https://mp.weixin.qq.com/s/0AJndBGHhs7mFJDfki5WiA
  [ok] 页面就绪
  HTML: C:\Users\18811\WorkBuddy\2026-09-30-16-56-05\医院项目档案库\_pages\page_1790776628865.html
  TITLE: 国家区域医疗中心•北大人民医院青岛医院
  DESC: 国家区域医疗中心•北京大学人民医院青岛医院•青岛市妇女儿童医院/青岛市妇幼保健院（城阳院区）效果图与部分实景图
  IMGS: 17
>>> https://mp.weixin.qq.com/s/jI-YZDwMdlt88A59CxBtXA
  [ok] 页面就绪
  HTML: C:\Users\18811\WorkBuddy\2026-09-30-16-56-05\医院项目档案库\_pages\page_1790776632705.html
  TITLE: 国家区域医疗中心•医科院肿瘤医院山西医院
  DESC: 国家区域医疗中心•中国医学科学院肿瘤医院山西医院•山西省肿瘤医院
  IMGS: 7
>>> https://mp.weixin.qq.com/s/fu-UHLGFU5rwdXKizQ4YKw
  [ok] 页面就绪
  HTML: C:\Users\18811\WorkBuddy\2026-09-30-16-56-05\医院项目档案库\_pages\page_1790776636527.html
  TITLE: 国家区域医疗中心•医科院阜外医院云南医院
  DESC: 国家区域医疗中心•中国医学科学院阜外医院云南医院•云南省阜外心血管病医院•昆明医科大学附属心血管病医院•云南省心血管病临床医学中心
  IMGS: 14
>>> https://mp.weixin.qq.com/s/ZaHx0imGeBdKM4g_C17yEQ
  [ok] 页面就绪
  HTML: C:\Users\18811\WorkBuddy\2026-09-30-16-56-05\医院项目档案库\_pages\page_1790776640487.html
  TITLE: 国家区域医疗中心•中日友好医院云南医院
  DESC: 国家区域医疗中心•中日友好医院云南医院•云南省第一人民医院（东院）效果图与部分建设实景图
  IMGS: 11
>>> https://mp.weixin.qq.com/s/V4gvMe4HDnCuPEb95Ip3Ew
  [ok] 页面就绪
  HTML: C:\Users\18811\WorkBuddy\2026-09-30-16-56-05\医院项目档案库\_pages\page_1790776644296.html
  TITLE: 国家区域医疗中心•北大肿瘤医院云南医院
  DESC: 国家区域医疗中心•北京大学肿瘤医院云南医院•云南省肿瘤医院•昆明医科大学第三附属医院（自贸院区）
  IMGS: 11
>>> https://mp.weixin.qq.com/s/lTHCKvwromykV72YZ4njCA
  [ok] 页面就绪
  HTML: C:\Users\18811\WorkBuddy\2026-09-30-16-56-05\医院项目档案库\_pages\page_1790776648107.html
  TITLE: 国家区域医疗中心•山大齐鲁医院遵义医院
  DESC: 国家区域医疗中心•山东大学齐鲁医院遵义医院•遵义市第一人民医院（遵义医科大学第三附属医院）
  IMGS: 11
>>> https://mp.weixin.qq.com/s/5HswvBP04GdZF0KG8pFp7w
  [ok] 页面就绪
  HTML: C:\Users\18811\WorkBuddy\2026-09-30-16-56-05\医院项目档案库\_pages\page_1790776651928.html
  TITLE: 国家区域医疗中心•北京儿童医院保定医院
  DESC: 国家区域医疗中心•首都医科大学附属北京儿童医院保定医院•保定市儿童医院（国际医疗基地院区）
  IMGS: 10
>>> https://mp.weixin.qq.com/s/Rf7kB8CUxYownHKVsTlWRg
  [ok] 页面就绪
  HTML: C:\Users\18811\WorkBuddy\2026-09-30-16-56-05\医院项目档案库\_pages\page_1790776655851.html
  TITLE: 国家区域医疗中心上海儿童医学中心海南医院
  DESC: 国家区域医疗中心•上海交通大学医学院附属上海儿童医学中心海南医院•三亚市妇幼保健院（三亚市妇女儿童医院）效果图与部分实景图
  IMGS: 13
>>> https://mp.weixin.qq.com/s/9Ac0kmm5cWOfTiShwS3_FA
  [ok] 页面就绪
  HTML: C:\Users\18811\WorkBuddy\2026-09-30-16-56-05\医院项目档案库\_pages\page_1790776659760.html
  TITLE: 国家区域医疗中心上海儿童医学中心福建医院
  DESC: 国家区域医疗中心•上海交通大学医学院附属上海儿童医学中心福建医院•福建省儿童医院（效果图与实景图）
  IMGS: 20
>>> https://mp.weixin.qq.com/s/jcRC7E1-E2p32Ez04kmKZg
  [ok] 页面就绪
  HTML: C:\Users\18811\WorkBuddy\2026-09-30-16-56-05\医院项目档案库\_pages\page_1790776663727.html
  TITLE: 国家区域医疗中心上海儿童医学中心贵州医院
  DESC: 国家区域医疗中心•上海交通大学医学院附属上海儿童医学中心贵州医院•贵州省人民医院（观山湖院区）效果图与部分实景图
  IMGS: 17
>>> https://mp.weixin.qq.com/s/-b20fxM1l7DI7lIIuUB64A
  [ok] 页面就绪
  HTML: C:\Users\18811\WorkBuddy\2026-09-30-16-56-05\医院项目档案库\_pages\page_1790776667550.html
  TITLE: 国家区域医疗中心上海儿童医学中心临沂医院
  DESC: 国家区域医疗中心•上海交通大学医学院附属上海儿童医学中心临沂医院•临沂市妇幼保健院（伊滨院区）
  IMGS: 13
>>> https://mp.weixin.qq.com/s/V9F1jslpQPfMWf1W7kKfBg
  [ok] 页面就绪
  HTML: C:\Users\18811\WorkBuddy\2026-09-30-16-56-05\医院项目档案库\_pages\page_1790776671427.html
  TITLE: 国家区域医疗中心•山大齐鲁医院德州医院
  DESC: 国家区域医疗中心•山东大学齐鲁医院德州医院•德州市人民医院（新院区效果图与实景图）
  IMGS: 14
>>> https://mp.weixin.qq.com/s/6Xpmp1156JfvrDgto1_ezQ
  [ok] 页面就绪
  HTML: C:\Users\18811\WorkBuddy\2026-09-30-16-56-05\医院项目档案库\_pages\page_1790776675257.html
  TITLE: 国家区域医疗中心•首医大宣武医院济南医院
  DESC: 国家区域医疗中心•首都医科宣武医院济南医院•济南市中心医院（东院区）
  IMGS: 20
>>> https://mp.weixin.qq.com/s/EB8sLabd1lXI90k9LZ3YOQ
  [ok] 页面就绪
  HTML: C:\Users\18811\WorkBuddy\2026-09-30-16-56-05\医院项目档案库\_pages\page_1790776679049.html
  TITLE: 国家区域医疗中心•北京积水潭医院郑州医院
  DESC: 国家区域医疗中心•北京积水潭医院郑州医院•郑州市中心医院（新院区效果图与建设实景图）
  IMGS: 10
>>> https://mp.weixin.qq.com/s/Qg0U-oo1pvpw4iWjMt93zQ
  [ok] 页面就绪
  HTML: C:\Users\18811\WorkBuddy\2026-09-30-16-56-05\医院项目档案库\_pages\page_1790776682964.html
  TITLE: 国家区域医疗中心浙大邵逸夫医院阿拉尔医院
  DESC: 国家区域医疗中心•浙江大学医学院附属邵逸夫医院阿拉尔医院•新疆生产建设兵团第一师阿拉尔医院
  IMGS: 14
>>> https://mp.weixin.qq.com/s/sTLy64kUvkneN6dt76dkKw
  [ok] 页面就绪
  HTML: C:\Users\18811\WorkBuddy\2026-09-30-16-56-05\医院项目档案库\_pages\page_1790776686903.html
  TITLE: 国家区域医疗中心•孙逸仙纪念医院深汕院区
  DESC: 国家区域医疗中心•中山大学孙逸仙纪念医院（中山大学附属第二医院）深汕中心医院/深汕院区•汕尾市中心医院
  IMGS: 15
>>> https://mp.weixin.qq.com/s/1pzplwiMSKfg5lu1iktVZA
  [ok] 页面就绪
  HTML: C:\Users\18811\WorkBuddy\2026-09-30-16-56-05\医院项目档案库\_pages\page_1790776690971.html
  TITLE: 国家区域医疗中心•北京安贞医院南充医院
  DESC: 国家区域医疗中心•首都医科大学附属北京安贞医院南充医院•南充市中心医院（效果图与实景图）
  IMGS: 15
>>> https://mp.weixin.qq.com/s/t8ncm1tn0iulsjrudZ_ydg
  [ok] 页面就绪
  HTML: C:\Users\18811\WorkBuddy\2026-09-30-16-56-05\医院项目档案库\_pages\page_1790776695001.html
  TITLE: 国家区域医疗中心•西安交大二附院新疆医院
  DESC: 国家区域医疗中心•西安交通大学第二附属医院新疆医院•新疆维吾尔自治区人民医院（白鸟湖院区）
  IMGS: 7
>>> https://mp.weixin.qq.com/s/DjzhadHsrZXoOHfHeb2B1g
  [ok] 页面就绪
  HTML: C:\Users\18811\WorkBuddy\2026-09-30-16-56-05\医院项目档案库\_pages\page_1790776699113.html
  TITLE: 国家区域医疗中心•北京儿童医院新疆医院
  DESC: 国家区域医疗中心•北京儿童医院新疆医院•新疆维吾尔自治区儿童医院（新疆维吾尔自治区第七人民医院、新疆维吾尔自治区儿科研究所、新疆医科大学自治区儿童医院、新疆医科大学临床医学院）
  IMGS: 5
>>> https://mp.weixin.qq.com/s/vvp6RKqUvoUTHISL7P4Jmg
  [ok] 页面就绪
  HTML: C:\Users\18811\WorkBuddy\2026-09-30-16-56-05\医院项目档案库\_pages\page_1790776703043.html
  TITLE: 国家区域医疗中心•北大医院宁夏妇儿医院
  DESC: 国家区域医疗中心•北京大学第一医院宁夏妇女儿童医院•宁夏回族自治区妇幼保健院（效果图与实景图）
  IMGS: 14
>>> https://mp.weixin.qq.com/s/JwAml_MysJl7YnfG1nBcxw
  [ok] 页面就绪
  HTML: C:\Users\18811\WorkBuddy\2026-09-30-16-56-05\医院项目档案库\_pages\page_1790776706967.html
  TITLE: 国家区域医疗中心•西安交大一附院榆林医院
  DESC: 国家区域医疗中心•西安交通大学第一附属医院榆林医院•榆林市第二医院（效果图与实景图）
  IMGS: 17
>>> https://mp.weixin.qq.com/s/L51twuOv1yXwxKvFdmMtjw
  [ok] 页面就绪
  HTML: C:\Users\18811\WorkBuddy\2026-09-30-16-56-05\医院项目档案库\_pages\page_1790776710939.html
  TITLE: 国家区域医疗中心•武汉同济医院咸宁医院
  DESC: 国家区域医疗中心•华中科技大学同济医学院附属同济医院咸宁医院•咸宁市中心医院（新院区效果图与实景图）
  IMGS: 11
>>> https://mp.weixin.qq.com/s/WvOpmg6nFGglDF2toobFvw
  [ok] 页面就绪
  HTML: C:\Users\18811\WorkBuddy\2026-09-30-16-56-05\医院项目档案库\_pages\page_1790776714839.html
  TITLE: 国家区域医疗中心•北京积水潭医院聊城医院
  DESC: 国家区域医疗中心•北京积水潭医院（国家骨科医学中心）聊城医院•聊城市人民医院
  IMGS: 8
>>> https://mp.weixin.qq.com/s/HYB1hXwNg-oHDn4vRZVTMw
  [ok] 页面就绪
  HTML: C:\Users\18811\WorkBuddy\2026-09-30-16-56-05\医院项目档案库\_pages\page_1790776718833.html
  TITLE: 国家区域医疗中心•山东省立医院菏泽医院
  DESC: 国家区域医疗中心•山东省立医院菏泽医院•菏泽市立医院（新院区）
  IMGS: 10
>>> https://mp.weixin.qq.com/s/meRX6j5Rf3RIjWmUYTTc0w
  [ok] 页面就绪
  HTML: C:\Users\18811\WorkBuddy\2026-09-30-16-56-05\医院项目档案库\_pages\page_1790776722736.html
  TITLE: 国家区域医疗中心•重医大附儿院宜宾医院
  DESC: 国家区域医疗中心•重庆医科大学附属儿童医院宜宾医院•宜宾市第一人民医院（新院区）效果图与实景图
  IMGS: 9
>>> https://mp.weixin.qq.com/s/w77e_CDSbXdS3cViIzeNXw
  [ok] 页面就绪
  HTML: C:\Users\18811\WorkBuddy\2026-09-30-16-56-05\医院项目档案库\_pages\page_1790776726757.html
  TITLE: 国家区域医疗中心•山东省立医院泸州医院
  DESC: 国家区域医疗中心•山东省立医院泸州医院•西南医科大学附属医院（康健城院区）
  IMGS: 6
>>> https://mp.weixin.qq.com/s/neAtDdkjPVsbUXhCBR7ufw
  [ok] 页面就绪
  HTML: C:\Users\18811\WorkBuddy\2026-09-30-16-56-05\医院项目档案库\_pages\page_1790776730814.html
  TITLE: 国家区域医疗中心•武汉同济医院山西医院
  DESC: 国家区域医疗中心•华中科技大学同济医学院附属同济医院山西医院•同济山西医院•山西白求恩医院•山西医学科学院•山西医科大学第三医院•山西医学大学第三临床医学院
  IMGS: 6
>>> https://mp.weixin.qq.com/s/hpnjhiBd45zjVlOJaKz2eg
  [ok] 页面就绪
  HTML: C:\Users\18811\WorkBuddy\2026-09-30-16-56-05\医院项目档案库\_pages\page_1790776734997.html
  TITLE: 国家区域医疗中心•江苏省人民医院重庆医院
  DESC: 国家区域医疗中心•江苏省人民医院重庆医院•重庆市綦江区人民医院（新院区）
  IMGS: 7
>>> https://mp.weixin.qq.com/s/MxL2PslNx8QKUGp7dHBsvQ
  [ok] 页面就绪
  HTML: C:\Users\18811\WorkBuddy\2026-09-30-16-56-05\医院项目档案库\_pages\page_1790776738957.html
  TITLE: 国家区域医疗中心•武汉协和医院重庆医院
  DESC: 国家区域医疗中心•华中科技大学同济医学院附属协和医院重庆医院•重庆市两江新区人民医院
  IMGS: 11
>>> https://mp.weixin.qq.com/s/JnuMpmyE1h8iG7wjR18B4w
  [ok] 页面就绪
  HTML: C:\Users\18811\WorkBuddy\2026-09-30-16-56-05\医院项目档案库\_pages\page_1790776742956.html
  TITLE: 国家区域医疗中心中大附属肿瘤医院甘肃医院
  DESC: 国家区域医疗中心•中山大学附属肿瘤医院甘肃医院•甘肃省肿瘤医院（定远院区）
  IMGS: 13
>>> https://mp.weixin.qq.com/s/XR3nlCjb7Ay0k9bZEzx6zA
  [ok] 页面就绪
  HTML: C:\Users\18811\WorkBuddy\2026-09-30-16-56-05\医院项目档案库\_pages\page_1790776746859.html
  TITLE: 国家区域医疗中心•西安交大一附院青海医院
  DESC: 国家区域医疗中心•西安交通大学第一附属医院青海医院•青海省人民医院（国家紧急医学救援基地）•国家高原医学中心
  IMGS: 13
>>> https://mp.weixin.qq.com/s/ZzmnAfGwX48Y5fK_LT0kQg
  [ok] 页面就绪
  HTML: C:\Users\18811\WorkBuddy\2026-09-30-16-56-05\医院项目档案库\_pages\page_1790776750847.html
  TITLE: 抚州医药学院北校区（原抚州医学院）
  DESC: 抚州医药学院北校区（原南昌大学抚州医学院）
  IMGS: 20
>>> https://mp.weixin.qq.com/s/9Z-fsRQRs2VK7h52PiLyuA
  [ok] 页面就绪
  HTML: C:\Users\18811\WorkBuddy\2026-09-30-16-56-05\医院项目档案库\_pages\page_1790776754838.html
  TITLE: 抚州市立医院（江西省肿瘤医院抚州医院）
  DESC: 江西省肿瘤医院抚州医院•抚州市立医院（原抚州市第一人民医院旧址改造）
  IMGS: 10
>>> https://mp.weixin.qq.com/s/kb4zFaiTgOaBYzEZPhFR7g
  [ok] 页面就绪
  HTML: C:\Users\18811\WorkBuddy\2026-09-30-16-56-05\医院项目档案库\_pages\page_1790776758798.html
  TITLE: 中山大学附属口腔医院（南沙院区）
  DESC: 中山大学附属口腔医院（南沙院区）效果图与实景图
  IMGS: 14
>>> https://mp.weixin.qq.com/s/I1d-KAr5MCPwbZ402J5S5A
  [ok] 页面就绪
  HTML: C:\Users\18811\WorkBuddy\2026-09-30-16-56-05\医院项目档案库\_pages\page_1790776762764.html
  TITLE: 陕西省传染病医院•西安市公共卫生中心
  DESC: 陕西省传染病医院•西安市第八医院•西安市公共卫生中心•西安市肝病医院（新院区）效果图与实景图
  IMGS: 18
>>> https://mp.weixin.qq.com/s/8jjrs3bkAtBrFtcWB-o2hA
  [ok] 页面就绪
  HTML: C:\Users\18811\WorkBuddy\2026-09-30-16-56-05\医院项目档案库\_pages\page_1790776766693.html
  TITLE: 西安交通大学第一附属医院国际陆港院区
  DESC: 西安交通大学第一附属医院国际陆港院区（西安交大一附院国际陆港医院）效果图与实景图
  IMGS: 11
>>> https://mp.weixin.qq.com/s/NwE-Dy6O-ip15uS-1Ct5tA
  [ok] 页面就绪
  HTML: C:\Users\18811\WorkBuddy\2026-09-30-16-56-05\医院项目档案库\_pages\page_1790776770629.html
  TITLE: 国家区域医疗中心•中山大学附属喀什医院
  DESC: 国家区域医疗中心•中山大学附属喀什医院•喀什地区第一人民医院疏附医院（效果图与实景图）
  IMGS: 8
>>> https://mp.weixin.qq.com/s/BNb462JsgHOVTuFyg-8suA
  [ok] 页面就绪
  HTML: C:\Users\18811\WorkBuddy\2026-09-30-16-56-05\医院项目档案库\_pages\page_1790776774682.html
  TITLE: 武汉云景山医院（平战结合医院）
  DESC: 武汉市江夏云景山医院（平战结合医院）效果图与实景图
  IMGS: 20
>>> https://mp.weixin.qq.com/s/aN-iSUTNohtRxOOaLVXVOQ
  [ok] 页面就绪
  HTML: C:\Users\18811\WorkBuddy\2026-09-30-16-56-05\医院项目档案库\_pages\page_1790776778707.html
  TITLE: 大别山区域医疗中心•黄冈市中心医院新院区
  DESC: 大别山区域医疗中心•黄冈市医疗集团•黄冈市中心医院新院区（效果图与实景图）
  IMGS: 16
>>> https://mp.weixin.qq.com/s/Vflm6tRlYu3ds10fRz4ztw
  [ok] 页面就绪
  HTML: C:\Users\18811\WorkBuddy\2026-09-30-16-56-05\医院项目档案库\_pages\page_1790776782635.html
  TITLE: 江西省人民医院进贤医院（进贤县人民医院）
  DESC: 江西省人民医院进贤医院•南昌市进贤县人民医院（新院区与老院区）
  IMGS: 10
DONE
